Component: ARM Compiler 5.05 update 1 (build 106) Tool: armlink [4d0efa]

==============================================================================

Section Cross References

    main.o(.text) refers to _printf_percent.o(.ARM.Collect$$_printf_percent$$00000000) for _printf_percent
    main.o(.text) refers to _printf_d.o(.ARM.Collect$$_printf_percent$$00000009) for _printf_d
    main.o(.text) refers to _printf_dec.o(.text) for _printf_int_dec
    main.o(.text) refers to _printf_f.o(.ARM.Collect$$_printf_percent$$00000003) for _printf_f
    main.o(.text) refers to printf1.o(x$fpl$printf1) for _printf_fp_dec
    main.o(.text) refers to _printf_pad.o(.text) for _printf_pre_padding
    main.o(.text) refers to misc.o(.text) for NVIC_PriorityGroupConfig
    main.o(.text) refers to usart.o(.text) for uart_init
    main.o(.text) refers to usart3.o(.text) for usart3_init
    main.o(.text) refers to delay.o(.text) for delay_init
    main.o(.text) refers to led.o(.text) for LED_Init
    main.o(.text) refers to key.o(.text) for KEY_Init
    main.o(.text) refers to adc.o(.text) for Adc_Init
    main.o(.text) refers to exti.o(.text) for EXTIX_Init
    main.o(.text) refers to lcd.o(.text) for LCD_Init
    main.o(.text) refers to common.o(.text) for atk_8266_send_cmd
    main.o(.text) refers to rtc.o(.text) for My_RTC_Init
    main.o(.text) refers to __2sprintf.o(.text) for __2sprintf
    main.o(.text) refers to f2d.o(x$fpl$f2d) for __aeabi_f2d
    main.o(.text) refers to dmul.o(x$fpl$dmul) for __aeabi_dmul
    main.o(.text) refers to d2f.o(x$fpl$d2f) for __aeabi_d2f
    main.o(.text) refers to stm32f4xx_rtc.o(.text) for RTC_GetTime
    main.o(.text) refers to lcd.o(.data) for POINT_COLOR
    main.o(.text) refers to main.o(.data) for sendDataFlag
    main.o(.text) refers to main.o(.bss) for str
    system_stm32f4xx.o(.text) refers to system_stm32f4xx.o(.data) for SystemCoreClock
    startup_stm32f40_41xxx.o(STACK) refers (Special) to heapauxi.o(.text) for __use_two_region_memory
    startup_stm32f40_41xxx.o(HEAP) refers (Special) to heapauxi.o(.text) for __use_two_region_memory
    startup_stm32f40_41xxx.o(RESET) refers (Special) to heapauxi.o(.text) for __use_two_region_memory
    startup_stm32f40_41xxx.o(RESET) refers to startup_stm32f40_41xxx.o(STACK) for __initial_sp
    startup_stm32f40_41xxx.o(RESET) refers to startup_stm32f40_41xxx.o(.text) for Reset_Handler
    startup_stm32f40_41xxx.o(RESET) refers to stm32f4xx_it.o(.text) for NMI_Handler
    startup_stm32f40_41xxx.o(RESET) refers to rtc.o(.text) for RTC_WKUP_IRQHandler
    startup_stm32f40_41xxx.o(RESET) refers to exti.o(.text) for EXTI0_IRQHandler
    startup_stm32f40_41xxx.o(RESET) refers to usart.o(.text) for USART1_IRQHandler
    startup_stm32f40_41xxx.o(RESET) refers to usart3.o(.text) for USART3_IRQHandler
    startup_stm32f40_41xxx.o(RESET) refers to timer.o(.text) for TIM7_IRQHandler
    startup_stm32f40_41xxx.o(.text) refers (Special) to heapauxi.o(.text) for __use_two_region_memory
    startup_stm32f40_41xxx.o(.text) refers to system_stm32f4xx.o(.text) for SystemInit
    startup_stm32f40_41xxx.o(.text) refers to __main.o(!!!main) for __main
    startup_stm32f40_41xxx.o(.text) refers to startup_stm32f40_41xxx.o(HEAP) for Heap_Mem
    startup_stm32f40_41xxx.o(.text) refers to startup_stm32f40_41xxx.o(STACK) for Stack_Mem
    delay.o(.text) refers to misc.o(.text) for SysTick_CLKSourceConfig
    delay.o(.text) refers to delay.o(.data) for fac_us
    usart.o(.rev16_text) refers (Special) to use_no_semi_2.o(.text) for __use_no_semihosting
    usart.o(.revsh_text) refers (Special) to use_no_semi_2.o(.text) for __use_no_semihosting
    usart.o(.text) refers (Special) to use_no_semi_2.o(.text) for __use_no_semihosting
    usart.o(.text) refers to stm32f4xx_rcc.o(.text) for RCC_AHB1PeriphClockCmd
    usart.o(.text) refers to stm32f4xx_gpio.o(.text) for GPIO_PinAFConfig
    usart.o(.text) refers to stm32f4xx_usart.o(.text) for USART_Init
    usart.o(.text) refers to misc.o(.text) for NVIC_Init
    usart.o(.text) refers to usart.o(.data) for USART_RX_STA
    usart.o(.text) refers to usart.o(.bss) for USART_RX_BUF
    usart.o(.bss) refers (Special) to use_no_semi_2.o(.text) for __use_no_semihosting
    usart.o(.data) refers (Special) to use_no_semi_2.o(.text) for __use_no_semihosting
    exti.o(.text) refers to delay.o(.text) for delay_ms
    exti.o(.text) refers to stm32f4xx_gpio.o(.text) for GPIO_ReadInputDataBit
    exti.o(.text) refers to stm32f4xx_exti.o(.text) for EXTI_ClearITPendingBit
    exti.o(.text) refers to key.o(.text) for KEY_Init
    exti.o(.text) refers to stm32f4xx_rcc.o(.text) for RCC_APB2PeriphClockCmd
    exti.o(.text) refers to stm32f4xx_syscfg.o(.text) for SYSCFG_EXTILineConfig
    exti.o(.text) refers to misc.o(.text) for NVIC_Init
    key.o(.text) refers to stm32f4xx_rcc.o(.text) for RCC_AHB1PeriphClockCmd
    key.o(.text) refers to stm32f4xx_gpio.o(.text) for GPIO_Init
    key.o(.text) refers to delay.o(.text) for delay_ms
[...]
    __rt_lib_init_rand_1                     0x08000293   Thumb Code     0  libinit2.o(.ARM.Collect$$libinit$$0000000E)
    __rt_lib_init_user_alloc_1               0x08000293   Thumb Code     0  libinit2.o(.ARM.Collect$$libinit$$0000000C)
    __rt_lib_init_lc_collate_1               0x08000299   Thumb Code     0  libinit2.o(.ARM.Collect$$libinit$$00000011)
    __rt_lib_init_lc_ctype_2                 0x08000299   Thumb Code     0  libinit2.o(.ARM.Collect$$libinit$$00000012)
    __rt_lib_init_lc_ctype_1                 0x080002a5   Thumb Code     0  libinit2.o(.ARM.Collect$$libinit$$00000013)
    __rt_lib_init_lc_monetary_1              0x080002a5   Thumb Code     0  libinit2.o(.ARM.Collect$$libinit$$00000015)
    __rt_lib_init_lc_numeric_2               0x080002a5   Thumb Code     0  libinit2.o(.ARM.Collect$$libinit$$00000016)
    __rt_lib_init_alloca_1                   0x080002af   Thumb Code     0  libinit2.o(.ARM.Collect$$libinit$$0000002E)
    __rt_lib_init_argv_1                     0x080002af   Thumb Code     0  libinit2.o(.ARM.Collect$$libinit$$0000002C)
    __rt_lib_init_atexit_1                   0x080002af   Thumb Code     0  libinit2.o(.ARM.Collect$$libinit$$0000001B)
    __rt_lib_init_clock_1                    0x080002af   Thumb Code     0  libinit2.o(.ARM.Collect$$libinit$$00000021)
    __rt_lib_init_cpp_1                      0x080002af   Thumb Code     0  libinit2.o(.ARM.Collect$$libinit$$00000032)
    __rt_lib_init_exceptions_1               0x080002af   Thumb Code     0  libinit2.o(.ARM.Collect$$libinit$$00000030)
    __rt_lib_init_fp_trap_1                  0x080002af   Thumb Code     0  libinit2.o(.ARM.Collect$$libinit$$0000001F)
    __rt_lib_init_getenv_1                   0x080002af   Thumb Code     0  libinit2.o(.ARM.Collect$$libinit$$00000023)
    __rt_lib_init_lc_numeric_1               0x080002af   Thumb Code     0  libinit2.o(.ARM.Collect$$libinit$$00000017)
    __rt_lib_init_lc_time_1                  0x080002af   Thumb Code     0  libinit2.o(.ARM.Collect$$libinit$$00000019)
    __rt_lib_init_return                     0x080002af   Thumb Code     0  libinit2.o(.ARM.Collect$$libinit$$00000033)
    __rt_lib_init_signal_1                   0x080002af   Thumb Code     0  libinit2.o(.ARM.Collect$$libinit$$0000001D)
    __rt_lib_init_stdio_1                    0x080002af   Thumb Code     0  libinit2.o(.ARM.Collect$$libinit$$00000025)
    __rt_lib_shutdown                        0x080002b1   Thumb Code     0  libshutdown.o(.ARM.Collect$$libshutdown$$00000000)
    __rt_lib_shutdown_fp_trap_1              0x080002b3   Thumb Code     0  libshutdown2.o(.ARM.Collect$$libshutdown$$00000006)
    __rt_lib_shutdown_heap_1                 0x080002b3   Thumb Code     0  libshutdown2.o(.ARM.Collect$$libshutdown$$0000000E)
    __rt_lib_shutdown_return                 0x080002b3   Thumb Code     0  libshutdown2.o(.ARM.Collect$$libshutdown$$0000000F)
    __rt_lib_shutdown_signal_1               0x080002b3   Thumb Code     0  libshutdown2.o(.ARM.Collect$$libshutdown$$00000009)
    __rt_lib_shutdown_stdio_1                0x080002b3   Thumb Code     0  libshutdown2.o(.ARM.Collect$$libshutdown$$00000003)
    __rt_lib_shutdown_user_alloc_1           0x080002b3   Thumb Code     0  libshutdown2.o(.ARM.Collect$$libshutdown$$0000000B)
    __rt_entry                               0x080002b5   Thumb Code     0  __rtentry.o(.ARM.Collect$$rtentry$$00000000)
    __rt_entry_presh_1                       0x080002b5   Thumb Code     0  __rtentry2.o(.ARM.Collect$$rtentry$$00000002)
    __rt_entry_sh                            0x080002b5   Thumb Code     0  __rtentry4.o(.ARM.Collect$$rtentry$$00000004)
    __rt_entry_li                            0x080002bb   Thumb Code     0  __rtentry2.o(.ARM.Collect$$rtentry$$0000000A)
    __rt_entry_postsh_1                      0x080002bb   Thumb Code     0  __rtentry2.o(.ARM.Collect$$rtentry$$00000009)
    __rt_entry_main                          0x080002bf   Thumb Code     0  __rtentry2.o(.ARM.Collect$$rtentry$$0000000D)
    __rt_entry_postli_1                      0x080002bf   Thumb Code     0  __rtentry2.o(.ARM.Collect$$rtentry$$0000000C)
    __rt_exit                                0x080002c7   Thumb Code     0  rtexit.o(.ARM.Collect$$rtexit$$00000000)
    __rt_exit_ls                             0x080002c9   Thumb Code     0  rtexit2.o(.ARM.Collect$$rtexit$$00000003)
    __rt_exit_prels_1                        0x080002c9   Thumb Code     0  rtexit2.o(.ARM.Collect$$rtexit$$00000002)
    __rt_exit_exit                           0x080002cd   Thumb Code     0  rtexit2.o(.ARM.Collect$$rtexit$$00000004)
    main                                     0x080002d5   Thumb Code   502  main.o(.text)
    NMI_Handler                              0x080005b5   Thumb Code     2  stm32f4xx_it.o(.text)
    HardFault_Handler                        0x080005b7   Thumb Code     4  stm32f4xx_it.o(.text)
    MemManage_Handler                        0x080005bb   Thumb Code     4  stm32f4xx_it.o(.text)
    BusFault_Handler                         0x080005bf   Thumb Code     4  stm32f4xx_it.o(.text)
    UsageFault_Handler                       0x080005c3   Thumb Code     4  stm32f4xx_it.o(.text)
    SVC_Handler                              0x080005c7   Thumb Code     2  stm32f4xx_it.o(.text)
    DebugMon_Handler                         0x080005c9   Thumb Code     2  stm32f4xx_it.o(.text)
    PendSV_Handler                           0x080005cb   Thumb Code     2  stm32f4xx_it.o(.text)
    SysTick_Handler                          0x080005cd   Thumb Code     2  stm32f4xx_it.o(.text)
    SystemInit                               0x080006ad   Thumb Code    88  system_stm32f4xx.o(.text)
    SystemCoreClockUpdate                    0x08000705   Thumb Code   174  system_stm32f4xx.o(.text)
    Reset_Handler                            0x080007e1   Thumb Code     8  startup_stm32f40_41xxx.o(.text)
    ADC_IRQHandler                           0x080007fb   Thumb Code     0  startup_stm32f40_41xxx.o(.text)
    CAN1_RX0_IRQHandler                      0x080007fb   Thumb Code     0  startup_stm32f40_41xxx.o(.text)
    CAN1_RX1_IRQHandler                      0x080007fb   Thumb Code     0  startup_stm32f40_41xxx.o(.text)
    CAN1_SCE_IRQHandler                      0x080007fb   Thumb Code     0  startup_stm32f40_41xxx.o(.text)
    CAN1_TX_IRQHandler                       0x080007fb   Thumb Code     0  startup_stm32f40_41xxx.o(.text)
    CAN2_RX0_IRQHandler                      0x080007fb   Thumb Code     0  startup_stm32f40_41xxx.o(.text)
    CAN2_RX1_IRQHandler                      0x080007fb   Thumb Code     0  startup_stm32f40_41xxx.o(.text)
    CAN2_SCE_IRQHandler                      0x080007fb   Thumb Code     0  startup_stm32f40_41xxx.o(.text)
    CAN2_TX_IRQHandler                       0x080007fb   Thumb Code     0  startup_stm32f40_41xxx.o(.text)
    CRYP_IRQHandler                          0x080007fb   Thumb Code     0  startup_stm32f40_41xxx.o(.text)
    DCMI_IRQHandler                          0x080007fb   Thumb Code     0  startup_stm32f40_41xxx.o(.text)
    DMA1_Stream0_IRQHandler                  0x080007fb   Thumb Code     0  startup_stm32f40_41xxx.o(.text)
    DMA1_Stream1_IRQHandler                  0x080007fb   Thumb Code     0  startup_stm32f40_41xxx.o(.text)
    DMA1_Stream2_IRQHandler                  0x080007fb   Thumb Code     0  startup_stm32f40_41xxx.o(.text)
    DMA1_Stream3_IRQHandler                  0x080007fb   Thumb Code     0  startup_stm32f40_41xxx.o(.text)
    DMA1_Stream4_IRQHandler                  0x080007fb   Thumb Code     0  startup_stm32f40_41xxx.o(.text)
    DMA1_Stream5_IRQHandler                  0x080007fb   Thumb Code     0  startup_stm32f40_41xxx.o(.text)
    DMA1_Stream6_IRQHandler                  0x080007fb   Thumb Code     0  startup_stm32f40_41xxx.o(.text)
    DMA1_Stream7_IRQHandler                  0x080007fb   Thumb Code     0  startup_stm32f40_41xxx.o(.text)
    DMA2_Stream0_IRQHandler                  0x080007fb   Thumb Code     0  startup_stm32f40_41xxx.o(.text)
    DMA2_Stream1_IRQHandler                  0x080007fb   Thumb Code     0  startup_stm32f40_41xxx.o(.text)
    DMA2_Stream2_IRQHandler                  0x080007fb   Thumb Code     0  startup_stm32f40_41xxx.o(.text)
    DMA2_Stream3_IRQHandler                  0x080007fb   Thumb Code     0  startup_stm32f40_41xxx.o(.text)
    DMA2_Stream4_IRQHandler                  0x080007fb   Thumb Code     0  startup_stm32f40_41xxx.o(.text)
    DMA2_Stream5_IRQHandler                  0x080007fb   Thumb Code     0  startup_stm32f40_41xxx.o(.text)
    DMA2_Stream6_IRQHandler                  0x080007fb   Thumb Code     0  startup_stm32f40_41xxx.o(.text)
    DMA2_Stream7_IRQHandler                  0x080007fb   Thumb Code     0  startup_stm32f40_41xxx.o(.text)
    ETH_IRQHandler                           0x080007fb   Thumb Code     0  startup_stm32f40_41xxx.o(.text)
    ETH_WKUP_IRQHandler                      0x080007fb   Thumb Code     0  startup_stm32f40_41xxx.o(.text)
    EXTI15_10_IRQHandler                     0x080007fb   Thumb Code     0  startup_stm32f40_41xxx.o(.text)
    EXTI1_IRQHandler                         0x080007fb   Thumb Code     0  startup_stm32f40_41xxx.o(.text)
    EXTI9_5_IRQHandler                       0x080007fb   Thumb Code     0  startup_stm32f40_41xxx.o(.text)
    FLASH_IRQHandler                         0x080007fb   Thumb Code     0  startup_stm32f40_41xxx.o(.text)
    FPU_IRQHandler                           0x080007fb   Thumb Code     0  startup_stm32f40_41xxx.o(.text)
    FSMC_IRQHandler                          0x080007fb   Thumb Code     0  startup_stm32f40_41xxx.o(.text)
    HASH_RNG_IRQHandler                      0x080007fb   Thumb Code     0  startup_stm32f40_41xxx.o(.text)
    I2C1_ER_IRQHandler                       0x080007fb   Thumb Code     0  startup_stm32f40_41xxx.o(.text)
    I2C1_EV_IRQHandler                       0x080007fb   Thumb Code     0  startup_stm32f40_41xxx.o(.text)
    I2C2_ER_IRQHandler                       0x080007fb   Thumb Code     0  startup_stm32f40_41xxx.o(.text)
    I2C2_EV_IRQHandler                       0x080007fb   Thumb Code     0  startup_stm32f40_41xxx.o(.text)
    I2C3_ER_IRQHandler                       0x080007fb   Thumb Code     0  startup_stm32f40_41xxx.o(.text)
    I2C3_EV_IRQHandler                       0x080007fb   Thumb Code     0  startup_stm32f40_41xxx.o(.text)
    OTG_FS_IRQHandler                        0x080007fb   Thumb Code     0  startup_stm32f40_41xxx.o(.text)
    OTG_FS_WKUP_IRQHandler                   0x080007fb   Thumb Code     0  startup_stm32f40_41xxx.o(.text)
    OTG_HS_EP1_IN_IRQHandler                 0x080007fb   Thumb Code     0  startup_stm32f40_41xxx.o(.text)
    OTG_HS_EP1_OUT_IRQHandler                0x080007fb   Thumb Code     0  startup_stm32f40_41xxx.o(.text)
    OTG_HS_IRQHandler                        0x080007fb   Thumb Code     0  startup_stm32f40_41xxx.o(.text)
    OTG_HS_WKUP_IRQHandler                   0x080007fb   Thumb Code     0  startup_stm32f40_41xxx.o(.text)
    PVD_IRQHandler                           0x080007fb   Thumb Code     0  startup_stm32f40_41xxx.o(.text)
    RCC_IRQHandler                           0x080007fb   Thumb Code     0  startup_stm32f40_41xxx.o(.text)
    SDIO_IRQHandler                          0x080007fb   Thumb Code     0  startup_stm32f40_41xxx.o(.text)
    SPI1_IRQHandler                          0x080007fb   Thumb Code     0  startup_stm32f40_41xxx.o(.text)
    SPI2_IRQHandler                          0x080007fb   Thumb Code     0  startup_stm32f40_41xxx.o(.text)
    SPI3_IRQHandler                          0x080007fb   Thumb Code     0  startup_stm32f40_41xxx.o(.text)
    TAMP_STAMP_IRQHandler                    0x080007fb   Thumb Code     0  startup_stm32f40_41xxx.o(.text)
    TIM1_BRK_TIM9_IRQHandler                 0x080007fb   Thumb Code     0  startup_stm32f40_41xxx.o(.text)
    TIM1_CC_IRQHandler                       0x080007fb   Thumb Code     0  startup_stm32f40_41xxx.o(.text)
    TIM1_TRG_COM_TIM11_IRQHandler            0x080007fb   Thumb Code     0  startup_stm32f40_41xxx.o(.text)
    TIM1_UP_TIM10_IRQHandler                 0x080007fb   Thumb Code     0  startup_stm32f40_41xxx.o(.text)
    TIM2_IRQHandler                          0x080007fb   Thumb Code     0  startup_stm32f40_41xxx.o(.text)
    TIM3_IRQHandler                          0x080007fb   Thumb Code     0  startup_stm32f40_41xxx.o(.text)
    TIM4_IRQHandler                          0x080007fb   Thumb Code     0  startup_stm32f40_41xxx.o(.text)
    TIM5_IRQHandler                          0x080007fb   Thumb Code     0  startup_stm32f40_41xxx.o(.text)
    TIM6_DAC_IRQHandler                      0x080007fb   Thumb Code     0  startup_stm32f40_41xxx.o(.text)
    TIM8_BRK_TIM12_IRQHandler                0x080007fb   Thumb Code     0  startup_stm32f40_41xxx.o(.text)
    TIM8_CC_IRQHandler                       0x080007fb   Thumb Code     0  startup_stm32f40_41xxx.o(.text)
    TIM8_TRG_COM_TIM14_IRQHandler            0x080007fb   Thumb Code     0  startup_stm32f40_41xxx.o(.text)
    TIM8_UP_TIM13_IRQHandler                 0x080007fb   Thumb Code     0  startup_stm32f40_41xxx.o(.text)
    UART4_IRQHandler                         0x080007fb   Thumb Code     0  startup_stm32f40_41xxx.o(.text)
    UART5_IRQHandler                         0x080007fb   Thumb Code     0  startup_stm32f40_41xxx.o(.text)
    USART2_IRQHandler                        0x080007fb   Thumb Code     0  startup_stm32f40_41xxx.o(.text)
    USART6_IRQHandler                        0x080007fb   Thumb Code     0  startup_stm32f40_41xxx.o(.text)
    WWDG_IRQHandler                          0x080007fb   Thumb Code     0  startup_stm32f40_41xxx.o(.text)
    __user_initial_stackheap                 0x080007fd   Thumb Code     0  startup_stm32f40_41xxx.o(.text)
    delay_init                               0x08000821   Thumb Code    52  delay.o(.text)
    delay_us                                 0x08000855   Thumb Code    72  delay.o(.text)
    delay_xms                                0x0800089d   Thumb Code    72  delay.o(.text)
    delay_ms                                 0x080008e5   Thumb Code    56  delay.o(.text)
    _sys_exit                                0x08000925   Thumb Code     6  usart.o(.text)
    fputc                                    0x0800092b   Thumb Code    22  usart.o(.text)
    uart_init                                0x08000941   Thumb Code   172  usart.o(.text)
    USART1_IRQHandler                        0x080009ed   Thumb Code   122  usart.o(.text)
    EXTI0_IRQHandler                         0x08000a79   Thumb Code    44  exti.o(.text)
    EXTI2_IRQHandler                         0x08000aa5   Thumb Code    46  exti.o(.text)
    EXTI3_IRQHandler                         0x08000ad3   Thumb Code    42  exti.o(.text)
    EXTI4_IRQHandler                         0x08000afd   Thumb Code    46  exti.o(.text)
    EXTIX_Init                               0x08000b2b   Thumb Code   222  exti.o(.text)
    KEY_Init                                 0x08000c15   Thumb Code    60  key.o(.text)
    KEY_Scan                                 0x08000c51   Thumb Code   188  key.o(.text)
    LCD_WR_REG                               0x08000d19   Thumb Code    18  lcd.o(.text)
    LCD_WR_DATA                              0x08000d2b   Thumb Code    20  lcd.o(.text)
    LCD_RD_DATA                              0x08000d3f   Thumb Code    16  lcd.o(.text)
    LCD_WriteReg                             0x08000d4f   Thumb Code    14  lcd.o(.text)
    LCD_ReadReg                              0x08000d5d   Thumb Code    22  lcd.o(.text)
    LCD_WriteRAM_Prepare                     0x08000d73   Thumb Code    10  lcd.o(.text)
    LCD_WriteRAM                             0x08000d7d   Thumb Code     8  lcd.o(.text)
    LCD_BGR2RGB                              0x08000d85   Thumb Code    26  lcd.o(.text)
    opt_delay                                0x08000d9f   Thumb Code    14  lcd.o(.text)
    LCD_SetCursor                            0x08000dad   Thumb Code   418  lcd.o(.text)
    LCD_ReadPoint                            0x08000f4f   Thumb Code   360  lcd.o(.text)
    LCD_DisplayOn                            0x080010b7   Thumb Code   102  lcd.o(.text)
    LCD_DisplayOff                           0x0800111d   Thumb Code    90  lcd.o(.text)
    LCD_Scan_Dir                             0x08001177   Thumb Code   744  lcd.o(.text)
    LCD_DrawPoint                            0x0800145f   Thumb Code    28  lcd.o(.text)
    LCD_Fast_DrawPoint                       0x0800147b   Thumb Code   388  lcd.o(.text)
    LCD_SSD_BackLightSet                     0x080015ff   Thumb Code    88  lcd.o(.text)
    LCD_Display_Dir                          0x08001657   Thumb Code   444  lcd.o(.text)
    LCD_Set_Window                           0x08001813   Thumb Code   546  lcd.o(.text)
    LCD_Clear                                0x08001a35   Thumb Code   100  lcd.o(.text)
    LCD_Init                                 0x08001a99   Thumb Code 14696  lcd.o(.text)
    LCD_Fill                                 0x08005401   Thumb Code   180  lcd.o(.text)
    LCD_Color_Fill                           0x080054b5   Thumb Code   100  lcd.o(.text)
    LCD_DrawLine                             0x08005519   Thumb Code   176  lcd.o(.text)
    LCD_DrawRectangle                        0x080055c9   Thumb Code    60  lcd.o(.text)
    LCD_Draw_Circle                          0x08005605   Thumb Code   152  lcd.o(.text)
    LCD_ShowChar                             0x0800569d   Thumb Code   272  lcd.o(.text)
    LCD_Pow                                  0x080057ad   Thumb Code    22  lcd.o(.text)
    LCD_ShowNum                              0x080057c3   Thumb Code   148  lcd.o(.text)
    LCD_ShowxNum                             0x08005857   Thumb Code   220  lcd.o(.text)
    LCD_ShowString                           0x08005933   Thumb Code   102  lcd.o(.text)
    LED_Init                                 0x08005999   Thumb Code    60  led.o(.text)
    Adc_Init                                 0x080059d9   Thumb Code   124  adc.o(.text)
    Get_Adc                                  0x08005a55   Thumb Code    44  adc.o(.text)
    Get_Adc_Average                          0x08005a81   Thumb Code    46  adc.o(.text)
    atk_8266_at_response                     0x08005ab9   Thumb Code    46  common.o(.text)
    atk_8266_check_cmd                       0x08005ae7   Thumb Code    44  common.o(.text)
    atk_8266_send_cmd                        0x08005b13   Thumb Code    92  common.o(.text)
    atk_8266_send_data                       0x08005b6f   Thumb Code    84  common.o(.text)
    atk_8266_quit_trans                      0x08005bc3   Thumb Code   100  common.o(.text)
    TIM7_IRQHandler                          0x08005c55   Thumb Code    42  timer.o(.text)
    TIM7_Int_Init                            0x08005c7f   Thumb Code    78  timer.o(.text)
    USART3_IRQHandler                        0x08005cd5   Thumb Code   102  usart3.o(.text)
    usart3_init                              0x08005d3b   Thumb Code   198  usart3.o(.text)
    u3_printf                                0x08005e01   Thumb Code    72  usart3.o(.text)
    RTC_Set_Time                             0x08005e61   Thumb Code    36  rtc.o(.text)
    RTC_Set_Date                             0x08005e85   Thumb Code    36  rtc.o(.text)
    My_RTC_Init                              0x08005ea9   Thumb Code   138  rtc.o(.text)
    RTC_Set_AlarmA                           0x08005f33   Thumb Code   158  rtc.o(.text)
    RTC_Set_WakeUp                           0x08005fd1   Thumb Code   108  rtc.o(.text)
    RTC_Alarm_IRQHandler                     0x0800603d   Thumb Code    36  rtc.o(.text)
    RTC_WKUP_IRQHandler                      0x08006061   Thumb Code    34  rtc.o(.text)
    NVIC_PriorityGroupConfig                 0x08006099   Thumb Code    10  misc.o(.text)
    NVIC_Init                                0x080060a3   Thumb Code   106  misc.o(.text)
    NVIC_SetVectorTable                      0x0800610d   Thumb Code    14  misc.o(.text)
    NVIC_SystemLPConfig                      0x0800611b   Thumb Code    34  misc.o(.text)
    SysTick_CLKSourceConfig                  0x0800613d   Thumb Code    40  misc.o(.text)
    ADC_DeInit                               0x08006179   Thumb Code    22  stm32f4xx_adc.o(.text)
    ADC_Init                                 0x0800618f   Thumb Code    74  stm32f4xx_adc.o(.text)
    ADC_StructInit                           0x080061d9   Thumb Code    20  stm32f4xx_adc.o(.text)
    ADC_CommonInit                           0x080061ed   Thumb Code    34  stm32f4xx_adc.o(.text)
    ADC_CommonStructInit                     0x0800620f   Thumb Code    12  stm32f4xx_adc.o(.text)
    ADC_Cmd                                  0x0800621b   Thumb Code    22  stm32f4xx_adc.o(.text)
    ADC_AnalogWatchdogCmd                    0x08006231   Thumb Code    16  stm32f4xx_adc.o(.text)
    ADC_AnalogWatchdogThresholdsConfig       0x08006241   Thumb Code     6  stm32f4xx_adc.o(.text)
    ADC_AnalogWatchdogSingleChannelConfig    0x08006247   Thumb Code    16  stm32f4xx_adc.o(.text)
    ADC_TempSensorVrefintCmd                 0x08006257   Thumb Code    34  stm32f4xx_adc.o(.text)
    ADC_VBATCmd                              0x08006279   Thumb Code    34  stm32f4xx_adc.o(.text)
    ADC_RegularChannelConfig                 0x0800629b   Thumb Code   184  stm32f4xx_adc.o(.text)
    ADC_SoftwareStartConv                    0x08006353   Thumb Code    10  stm32f4xx_adc.o(.text)
    ADC_GetSoftwareStartConvStatus           0x0800635d   Thumb Code    20  stm32f4xx_adc.o(.text)
    ADC_EOCOnEachRegularChannelCmd           0x08006371   Thumb Code    22  stm32f4xx_adc.o(.text)
    ADC_ContinuousModeCmd                    0x08006387   Thumb Code    22  stm32f4xx_adc.o(.text)
    ADC_DiscModeChannelCountConfig           0x0800639d   Thumb Code    24  stm32f4xx_adc.o(.text)
    ADC_DiscModeCmd                          0x080063b5   Thumb Code    22  stm32f4xx_adc.o(.text)
    ADC_GetConversionValue                   0x080063cb   Thumb Code     8  stm32f4xx_adc.o(.text)
    ADC_GetMultiModeConversionValue          0x080063d3   Thumb Code     8  stm32f4xx_adc.o(.text)
    ADC_DMACmd                               0x080063db   Thumb Code    22  stm32f4xx_adc.o(.text)
    ADC_DMARequestAfterLastTransferCmd       0x080063f1   Thumb Code    22  stm32f4xx_adc.o(.text)
    ADC_MultiModeDMARequestAfterLastTransferCmd 0x08006407   Thumb Code    34  stm32f4xx_adc.o(.text)
    ADC_InjectedChannelConfig                0x08006429   Thumb Code   130  stm32f4xx_adc.o(.text)
    ADC_InjectedSequencerLengthConfig        0x080064ab   Thumb Code    24  stm32f4xx_adc.o(.text)
    ADC_SetInjectedOffset                    0x080064c3   Thumb Code    20  stm32f4xx_adc.o(.text)
    ADC_ExternalTrigInjectedConvConfig       0x080064d7   Thumb Code    16  stm32f4xx_adc.o(.text)
    ADC_ExternalTrigInjectedConvEdgeConfig   0x080064e7   Thumb Code    16  stm32f4xx_adc.o(.text)
    ADC_SoftwareStartInjectedConv            0x080064f7   Thumb Code    10  stm32f4xx_adc.o(.text)
    ADC_GetSoftwareStartInjectedConvCmdStatus 0x08006501   Thumb Code    20  stm32f4xx_adc.o(.text)
    ADC_AutoInjectedConvCmd                  0x08006515   Thumb Code    22  stm32f4xx_adc.o(.text)
    ADC_InjectedDiscModeCmd                  0x0800652b   Thumb Code    22  stm32f4xx_adc.o(.text)
    ADC_GetInjectedConversionValue           0x08006541   Thumb Code    28  stm32f4xx_adc.o(.text)
    ADC_ITConfig                             0x0800655d   Thumb Code    56  stm32f4xx_adc.o(.text)
    ADC_GetFlagStatus                        0x08006595   Thumb Code    18  stm32f4xx_adc.o(.text)
    ADC_ClearFlag                            0x080065a7   Thumb Code     6  stm32f4xx_adc.o(.text)
    ADC_GetITStatus                          0x080065ad   Thumb Code    38  stm32f4xx_adc.o(.text)
    ADC_ClearITPendingBit                    0x080065d3   Thumb Code    10  stm32f4xx_adc.o(.text)
    EXTI_DeInit                              0x080065dd   Thumb Code    28  stm32f4xx_exti.o(.text)
    EXTI_Init                                0x080065f9   Thumb Code   142  stm32f4xx_exti.o(.text)
    EXTI_StructInit                          0x08006687   Thumb Code    16  stm32f4xx_exti.o(.text)
    EXTI_GenerateSWInterrupt                 0x08006697   Thumb Code    16  stm32f4xx_exti.o(.text)
    EXTI_GetFlagStatus                       0x080066a7   Thumb Code    22  stm32f4xx_exti.o(.text)
    EXTI_ClearFlag                           0x080066bd   Thumb Code     8  stm32f4xx_exti.o(.text)
    EXTI_GetITStatus                         0x080066c5   Thumb Code    22  stm32f4xx_exti.o(.text)
    EXTI_ClearITPendingBit                   0x080066db   Thumb Code     8  stm32f4xx_exti.o(.text)
    FSMC_NORSRAMDeInit                       0x080066ed   Thumb Code    54  stm32f4xx_fsmc.o(.text)
    FSMC_NORSRAMInit                         0x08006723   Thumb Code   230  stm32f4xx_fsmc.o(.text)
    FSMC_NORSRAMStructInit                   0x08006809   Thumb Code    48  stm32f4xx_fsmc.o(.text)
    FSMC_NORSRAMCmd                          0x08006839   Thumb Code    46  stm32f4xx_fsmc.o(.text)
    FSMC_NANDDeInit                          0x08006867   Thumb Code    62  stm32f4xx_fsmc.o(.text)
    FSMC_NANDInit                            0x080068a5   Thumb Code   132  stm32f4xx_fsmc.o(.text)
    FSMC_NANDStructInit                      0x08006929   Thumb Code    54  stm32f4xx_fsmc.o(.text)
    FSMC_NANDCmd                             0x0800695f   Thumb Code    86  stm32f4xx_fsmc.o(.text)
    FSMC_NANDECCCmd                          0x080069b5   Thumb Code    86  stm32f4xx_fsmc.o(.text)
    FSMC_GetECC                              0x08006a0b   Thumb Code    24  stm32f4xx_fsmc.o(.text)
    FSMC_PCCARDDeInit                        0x08006a23   Thumb Code    36  stm32f4xx_fsmc.o(.text)
    FSMC_PCCARDInit                          0x08006a47   Thumb Code   130  stm32f4xx_fsmc.o(.text)
    FSMC_PCCARDStructInit                    0x08006ac9   Thumb Code    60  stm32f4xx_fsmc.o(.text)
    FSMC_PCCARDCmd                           0x08006b05   Thumb Code    44  stm32f4xx_fsmc.o(.text)
    FSMC_ITConfig                            0x08006b31   Thumb Code   128  stm32f4xx_fsmc.o(.text)
    FSMC_GetFlagStatus                       0x08006bb1   Thumb Code    54  stm32f4xx_fsmc.o(.text)
    FSMC_ClearFlag                           0x08006be7   Thumb Code    74  stm32f4xx_fsmc.o(.text)
    FSMC_GetITStatus                         0x08006c31   Thumb Code    62  stm32f4xx_fsmc.o(.text)
    FSMC_ClearITPendingBit                   0x08006c6f   Thumb Code    66  stm32f4xx_fsmc.o(.text)
    GPIO_DeInit                              0x08006cb5   Thumb Code   268  stm32f4xx_gpio.o(.text)
    GPIO_Init                                0x08006dc1   Thumb Code   144  stm32f4xx_gpio.o(.text)
    GPIO_StructInit                          0x08006e51   Thumb Code    18  stm32f4xx_gpio.o(.text)
    GPIO_PinLockConfig                       0x08006e63   Thumb Code    34  stm32f4xx_gpio.o(.text)
    GPIO_ReadInputDataBit                    0x08006e85   Thumb Code    18  stm32f4xx_gpio.o(.text)
    GPIO_ReadInputData                       0x08006e97   Thumb Code     8  stm32f4xx_gpio.o(.text)
    GPIO_ReadOutputDataBit                   0x08006e9f   Thumb Code    18  stm32f4xx_gpio.o(.text)
    GPIO_ReadOutputData                      0x08006eb1   Thumb Code     8  stm32f4xx_gpio.o(.text)
    GPIO_SetBits                             0x08006eb9   Thumb Code     4  stm32f4xx_gpio.o(.text)
    GPIO_ResetBits                           0x08006ebd   Thumb Code     4  stm32f4xx_gpio.o(.text)
    GPIO_WriteBit                            0x08006ec1   Thumb Code    10  stm32f4xx_gpio.o(.text)
    GPIO_Write                               0x08006ecb   Thumb Code     4  stm32f4xx_gpio.o(.text)
    GPIO_ToggleBits                          0x08006ecf   Thumb Code     8  stm32f4xx_gpio.o(.text)
    GPIO_PinAFConfig                         0x08006ed7   Thumb Code    70  stm32f4xx_gpio.o(.text)
    PWR_DeInit                               0x08006f49   Thumb Code    22  stm32f4xx_pwr.o(.text)
    PWR_BackupAccessCmd                      0x08006f5f   Thumb Code     6  stm32f4xx_pwr.o(.text)
    PWR_PVDLevelConfig                       0x08006f65   Thumb Code    18  stm32f4xx_pwr.o(.text)
    PWR_PVDCmd                               0x08006f77   Thumb Code     6  stm32f4xx_pwr.o(.text)
    PWR_WakeUpPinCmd                         0x08006f7d   Thumb Code     8  stm32f4xx_pwr.o(.text)
    PWR_BackupRegulatorCmd                   0x08006f85   Thumb Code     8  stm32f4xx_pwr.o(.text)
    PWR_MainRegulatorModeConfig              0x08006f8d   Thumb Code    18  stm32f4xx_pwr.o(.text)
    PWR_OverDriveCmd                         0x08006f9f   Thumb Code     6  stm32f4xx_pwr.o(.text)
    PWR_OverDriveSWCmd                       0x08006fa5   Thumb Code     6  stm32f4xx_pwr.o(.text)
    PWR_UnderDriveCmd                        0x08006fab   Thumb Code    30  stm32f4xx_pwr.o(.text)
    PWR_MainRegulatorLowVoltageCmd           0x08006fc9   Thumb Code    18  stm32f4xx_pwr.o(.text)
    PWR_LowRegulatorLowVoltageCmd            0x08006fdb   Thumb Code    18  stm32f4xx_pwr.o(.text)
    PWR_FlashPowerDownCmd                    0x08006fed   Thumb Code     6  stm32f4xx_pwr.o(.text)
    PWR_EnterSTOPMode                        0x08006ff3   Thumb Code    58  stm32f4xx_pwr.o(.text)
    PWR_EnterUnderDriveSTOPMode              0x0800702d   Thumb Code    58  stm32f4xx_pwr.o(.text)
    PWR_EnterSTANDBYMode                     0x08007067   Thumb Code    32  stm32f4xx_pwr.o(.text)
    PWR_GetFlagStatus                        0x08007087   Thumb Code    20  stm32f4xx_pwr.o(.text)
    PWR_ClearFlag                            0x0800709b   Thumb Code    14  stm32f4xx_pwr.o(.text)
    RCC_DeInit                               0x080070b5   Thumb Code    82  stm32f4xx_rcc.o(.text)
    RCC_HSEConfig                            0x08007107   Thumb Code    14  stm32f4xx_rcc.o(.text)
    RCC_GetFlagStatus                        0x08007115   Thumb Code    60  stm32f4xx_rcc.o(.text)
    RCC_WaitForHSEStartUp                    0x08007151   Thumb Code    56  stm32f4xx_rcc.o(.text)
    RCC_AdjustHSICalibrationValue            0x08007189   Thumb Code    20  stm32f4xx_rcc.o(.text)
    RCC_HSICmd                               0x0800719d   Thumb Code     6  stm32f4xx_rcc.o(.text)
    RCC_LSEConfig                            0x080071a3   Thumb Code    46  stm32f4xx_rcc.o(.text)
    RCC_LSICmd                               0x080071d1   Thumb Code     6  stm32f4xx_rcc.o(.text)
    RCC_PLLConfig                            0x080071d7   Thumb Code    32  stm32f4xx_rcc.o(.text)
    RCC_PLLCmd                               0x080071f7   Thumb Code     6  stm32f4xx_rcc.o(.text)
    RCC_PLLI2SConfig                         0x080071fd   Thumb Code    14  stm32f4xx_rcc.o(.text)
    RCC_PLLI2SCmd                            0x0800720b   Thumb Code     6  stm32f4xx_rcc.o(.text)
    RCC_PLLSAIConfig                         0x08007211   Thumb Code    20  stm32f4xx_rcc.o(.text)
    RCC_PLLSAICmd                            0x08007225   Thumb Code     6  stm32f4xx_rcc.o(.text)
    RCC_ClockSecuritySystemCmd               0x0800722b   Thumb Code     6  stm32f4xx_rcc.o(.text)
    RCC_MCO1Config                           0x08007231   Thumb Code    28  stm32f4xx_rcc.o(.text)
    RCC_MCO2Config                           0x0800724d   Thumb Code    28  stm32f4xx_rcc.o(.text)
    RCC_SYSCLKConfig                         0x08007269   Thumb Code    20  stm32f4xx_rcc.o(.text)
    RCC_GetSYSCLKSource                      0x0800727d   Thumb Code    12  stm32f4xx_rcc.o(.text)
    RCC_HCLKConfig                           0x08007289   Thumb Code    20  stm32f4xx_rcc.o(.text)
    RCC_PCLK1Config                          0x0800729d   Thumb Code    20  stm32f4xx_rcc.o(.text)
    RCC_PCLK2Config                          0x080072b1   Thumb Code    22  stm32f4xx_rcc.o(.text)
    RCC_GetClocksFreq                        0x080072c7   Thumb Code   222  stm32f4xx_rcc.o(.text)
    RCC_RTCCLKConfig                         0x080073a5   Thumb Code    54  stm32f4xx_rcc.o(.text)
    RCC_RTCCLKCmd                            0x080073db   Thumb Code     8  stm32f4xx_rcc.o(.text)
    RCC_BackupResetCmd                       0x080073e3   Thumb Code     8  stm32f4xx_rcc.o(.text)
    RCC_I2SCLKConfig                         0x080073eb   Thumb Code     6  stm32f4xx_rcc.o(.text)
    RCC_SAIPLLI2SClkDivConfig                0x080073f1   Thumb Code    26  stm32f4xx_rcc.o(.text)
    RCC_SAIPLLSAIClkDivConfig                0x0800740b   Thumb Code    28  stm32f4xx_rcc.o(.text)
    RCC_SAIBlockACLKConfig                   0x08007427   Thumb Code    20  stm32f4xx_rcc.o(.text)
    RCC_SAIBlockBCLKConfig                   0x0800743b   Thumb Code    20  stm32f4xx_rcc.o(.text)
    RCC_LTDCCLKDivConfig                     0x0800744f   Thumb Code    20  stm32f4xx_rcc.o(.text)
    RCC_TIMCLKPresConfig                     0x08007463   Thumb Code     6  stm32f4xx_rcc.o(.text)
    RCC_AHB1PeriphClockCmd                   0x08007469   Thumb Code    34  stm32f4xx_rcc.o(.text)
    RCC_AHB2PeriphClockCmd                   0x0800748b   Thumb Code    78  stm32f4xx_rcc.o(.text)
    RCC_AHB3PeriphClockCmd                   0x080074d9   Thumb Code    34  stm32f4xx_rcc.o(.text)
    RCC_APB1PeriphClockCmd                   0x080074fb   Thumb Code    34  stm32f4xx_rcc.o(.text)
    RCC_APB2PeriphClockCmd                   0x0800751d   Thumb Code    34  stm32f4xx_rcc.o(.text)
    RCC_AHB1PeriphResetCmd                   0x0800753f   Thumb Code    34  stm32f4xx_rcc.o(.text)
    RCC_AHB2PeriphResetCmd                   0x08007561   Thumb Code    34  stm32f4xx_rcc.o(.text)
    RCC_AHB3PeriphResetCmd                   0x08007583   Thumb Code    34  stm32f4xx_rcc.o(.text)
    RCC_APB1PeriphResetCmd                   0x080075a5   Thumb Code    34  stm32f4xx_rcc.o(.text)
    RCC_APB2PeriphResetCmd                   0x080075c7   Thumb Code    34  stm32f4xx_rcc.o(.text)
    RCC_AHB1PeriphClockLPModeCmd             0x080075e9   Thumb Code    34  stm32f4xx_rcc.o(.text)
    RCC_AHB2PeriphClockLPModeCmd             0x0800760b   Thumb Code    34  stm32f4xx_rcc.o(.text)
    RCC_AHB3PeriphClockLPModeCmd             0x0800762d   Thumb Code    34  stm32f4xx_rcc.o(.text)
    RCC_APB1PeriphClockLPModeCmd             0x0800764f   Thumb Code    34  stm32f4xx_rcc.o(.text)
    RCC_APB2PeriphClockLPModeCmd             0x08007671   Thumb Code    34  stm32f4xx_rcc.o(.text)
    RCC_LSEModeConfig                        0x08007693   Thumb Code    40  stm32f4xx_rcc.o(.text)
    RCC_ITConfig                             0x080076bb   Thumb Code    34  stm32f4xx_rcc.o(.text)
    RCC_ClearFlag                            0x080076dd   Thumb Code    18  stm32f4xx_rcc.o(.text)
    RCC_GetITStatus                          0x080076ef   Thumb Code    22  stm32f4xx_rcc.o(.text)
    RCC_ClearITPendingBit                    0x08007705   Thumb Code     8  stm32f4xx_rcc.o(.text)
    RTC_WaitForSynchro                       0x08007711   Thumb Code    92  stm32f4xx_rtc.o(.text)
    RTC_EnterInitMode                        0x0800776d   Thumb Code    84  stm32f4xx_rtc.o(.text)
    RTC_DeInit                               0x080077c1   Thumb Code   204  stm32f4xx_rtc.o(.text)
    RTC_ExitInitMode                         0x0800788d   Thumb Code    18  stm32f4xx_rtc.o(.text)
    RTC_Init                                 0x0800789f   Thumb Code    94  stm32f4xx_rtc.o(.text)
    RTC_StructInit                           0x080078fd   Thumb Code    14  stm32f4xx_rtc.o(.text)
    RTC_WriteProtectionCmd                   0x0800790b   Thumb Code    22  stm32f4xx_rtc.o(.text)
    RTC_RefClockCmd                          0x08007921   Thumb Code    76  stm32f4xx_rtc.o(.text)
    RTC_BypassShadowCmd                      0x0800796d   Thumb Code    54  stm32f4xx_rtc.o(.text)
    RTC_SetTime                              0x080079d5   Thumb Code   200  stm32f4xx_rtc.o(.text)
    RTC_TimeStructInit                       0x08007a9d   Thumb Code    12  stm32f4xx_rtc.o(.text)
    RTC_GetTime                              0x08007aa9   Thumb Code    74  stm32f4xx_rtc.o(.text)
    RTC_GetSubSecond                         0x08007af3   Thumb Code    30  stm32f4xx_rtc.o(.text)
    RTC_SetDate                              0x08007b11   Thumb Code   190  stm32f4xx_rtc.o(.text)
    RTC_DateStructInit                       0x08007bcf   Thumb Code    14  stm32f4xx_rtc.o(.text)
    RTC_GetDate                              0x08007bdd   Thumb Code    70  stm32f4xx_rtc.o(.text)
    RTC_SetAlarm                             0x08007c23   Thumb Code   230  stm32f4xx_rtc.o(.text)
    RTC_AlarmStructInit                      0x08007d09   Thumb Code    22  stm32f4xx_rtc.o(.text)
    RTC_GetAlarm                             0x08007d1f   Thumb Code   114  stm32f4xx_rtc.o(.text)
    RTC_AlarmCmd                             0x08007d91   Thumb Code   112  stm32f4xx_rtc.o(.text)
    RTC_AlarmSubSecondConfig                 0x08007e01   Thumb Code    46  stm32f4xx_rtc.o(.text)
    RTC_GetAlarmSubSecond                    0x08007e2f   Thumb Code    34  stm32f4xx_rtc.o(.text)
    RTC_WakeUpClockConfig                    0x08007e51   Thumb Code    42  stm32f4xx_rtc.o(.text)
    RTC_SetWakeUpCounter                     0x08007e7b   Thumb Code    22  stm32f4xx_rtc.o(.text)
    RTC_GetWakeUpCounter                     0x08007e91   Thumb Code    10  stm32f4xx_rtc.o(.text)
    RTC_WakeUpCmd                            0x08007e9b   Thumb Code   116  stm32f4xx_rtc.o(.text)
    RTC_DayLightSavingConfig                 0x08007f0f   Thumb Code    50  stm32f4xx_rtc.o(.text)
    RTC_GetStoreOperation                    0x08007f41   Thumb Code    12  stm32f4xx_rtc.o(.text)
    RTC_OutputConfig                         0x08007f4d   Thumb Code    60  stm32f4xx_rtc.o(.text)
    RTC_CoarseCalibConfig                    0x08007f89   Thumb Code    52  stm32f4xx_rtc.o(.text)
    RTC_CoarseCalibCmd                       0x08007fbd   Thumb Code    76  stm32f4xx_rtc.o(.text)
    RTC_CalibOutputCmd                       0x08008009   Thumb Code    54  stm32f4xx_rtc.o(.text)
    RTC_CalibOutputConfig                    0x0800803f   Thumb Code    42  stm32f4xx_rtc.o(.text)
    RTC_SmoothCalibConfig                    0x08008069   Thumb Code    90  stm32f4xx_rtc.o(.text)
    RTC_TimeStampCmd                         0x080080c3   Thumb Code    54  stm32f4xx_rtc.o(.text)
    RTC_GetTimeStamp                         0x080080f9   Thumb Code   144  stm32f4xx_rtc.o(.text)
    RTC_GetTimeStampSubSecond                0x08008189   Thumb Code     8  stm32f4xx_rtc.o(.text)
    RTC_TamperTriggerConfig                  0x08008191   Thumb Code    38  stm32f4xx_rtc.o(.text)
    RTC_TamperCmd                            0x080081b7   Thumb Code    34  stm32f4xx_rtc.o(.text)
    RTC_TamperFilterConfig                   0x080081d9   Thumb Code    26  stm32f4xx_rtc.o(.text)
    RTC_TamperSamplingFreqConfig             0x080081f3   Thumb Code    26  stm32f4xx_rtc.o(.text)
    RTC_TamperPinsPrechargeDuration          0x0800820d   Thumb Code    26  stm32f4xx_rtc.o(.text)
    RTC_TimeStampOnTamperDetectionCmd        0x08008227   Thumb Code    38  stm32f4xx_rtc.o(.text)
    RTC_TamperPullUpCmd                      0x0800824d   Thumb Code    38  stm32f4xx_rtc.o(.text)
    RTC_WriteBackupRegister                  0x08008273   Thumb Code    26  stm32f4xx_rtc.o(.text)
    RTC_ReadBackupRegister                   0x0800828d   Thumb Code    28  stm32f4xx_rtc.o(.text)
    RTC_TamperPinSelection                   0x080082a9   Thumb Code    26  stm32f4xx_rtc.o(.text)
    RTC_TimeStampPinSelection                0x080082c3   Thumb Code    26  stm32f4xx_rtc.o(.text)
    RTC_OutputTypeConfig                     0x080082dd   Thumb Code    26  stm32f4xx_rtc.o(.text)
    RTC_SynchroShiftConfig                   0x080082f7   Thumb Code   130  stm32f4xx_rtc.o(.text)
    RTC_ITConfig                             0x08008379   Thumb Code    94  stm32f4xx_rtc.o(.text)
    RTC_GetFlagStatus                        0x080083d7   Thumb Code    34  stm32f4xx_rtc.o(.text)
    RTC_ClearFlag                            0x080083f9   Thumb Code    28  stm32f4xx_rtc.o(.text)
    RTC_GetITStatus                          0x08008415   Thumb Code    60  stm32f4xx_rtc.o(.text)
    RTC_ClearITPendingBit                    0x08008451   Thumb Code    32  stm32f4xx_rtc.o(.text)
    SYSCFG_DeInit                            0x08008479   Thumb Code    22  stm32f4xx_syscfg.o(.text)
    SYSCFG_MemoryRemapConfig                 0x0800848f   Thumb Code     6  stm32f4xx_syscfg.o(.text)
    SYSCFG_MemorySwappingBank                0x08008495   Thumb Code     6  stm32f4xx_syscfg.o(.text)
    SYSCFG_EXTILineConfig                    0x0800849b   Thumb Code    66  stm32f4xx_syscfg.o(.text)
    SYSCFG_ETH_MediaInterfaceConfig          0x080084dd   Thumb Code     8  stm32f4xx_syscfg.o(.text)
    SYSCFG_CompensationCellCmd               0x080084e5   Thumb Code     6  stm32f4xx_syscfg.o(.text)
    SYSCFG_GetCompensationCellStatus         0x080084eb   Thumb Code    22  stm32f4xx_syscfg.o(.text)
    TIM_DeInit                               0x0800850d   Thumb Code   346  stm32f4xx_tim.o(.text)
    TIM_TimeBaseInit                         0x08008667   Thumb Code   104  stm32f4xx_tim.o(.text)
    TIM_TimeBaseStructInit                   0x080086cf   Thumb Code    18  stm32f4xx_tim.o(.text)
    TIM_PrescalerConfig                      0x080086e1   Thumb Code     6  stm32f4xx_tim.o(.text)
    TIM_CounterModeConfig                    0x080086e7   Thumb Code    18  stm32f4xx_tim.o(.text)
    TIM_SetCounter                           0x080086f9   Thumb Code     4  stm32f4xx_tim.o(.text)
    TIM_SetAutoreload                        0x080086fd   Thumb Code     4  stm32f4xx_tim.o(.text)
    TIM_GetCounter                           0x08008701   Thumb Code     6  stm32f4xx_tim.o(.text)
    TIM_GetPrescaler                         0x08008707   Thumb Code     6  stm32f4xx_tim.o(.text)
    TIM_UpdateDisableConfig                  0x0800870d   Thumb Code    24  stm32f4xx_tim.o(.text)
    TIM_UpdateRequestConfig                  0x08008725   Thumb Code    24  stm32f4xx_tim.o(.text)
    TIM_ARRPreloadConfig                     0x0800873d   Thumb Code    24  stm32f4xx_tim.o(.text)
    TIM_SelectOnePulseMode                   0x08008755   Thumb Code    18  stm32f4xx_tim.o(.text)
    TIM_SetClockDivision                     0x08008767   Thumb Code    18  stm32f4xx_tim.o(.text)
    TIM_Cmd                                  0x08008779   Thumb Code    24  stm32f4xx_tim.o(.text)
    TIM_OC1Init                              0x08008791   Thumb Code   114  stm32f4xx_tim.o(.text)
    TIM_OC2Init                              0x08008803   Thumb Code   154  stm32f4xx_tim.o(.text)
    TIM_OC3Init                              0x0800889d   Thumb Code   204  stm32f4xx_tim.o(.text)
    TIM_OC4Init                              0x08008969   Thumb Code   112  stm32f4xx_tim.o(.text)
    TIM_OCStructInit                         0x080089d9   Thumb Code    20  stm32f4xx_tim.o(.text)
    TIM_SelectOCxM                           0x080089ed   Thumb Code    86  stm32f4xx_tim.o(.text)
    TIM_SetCompare1                          0x08008a43   Thumb Code     4  stm32f4xx_tim.o(.text)
    TIM_SetCompare2                          0x08008a47   Thumb Code     4  stm32f4xx_tim.o(.text)
    TIM_SetCompare3                          0x08008a4b   Thumb Code     4  stm32f4xx_tim.o(.text)
    TIM_SetCompare4                          0x08008a4f   Thumb Code     4  stm32f4xx_tim.o(.text)
    TIM_ForcedOC1Config                      0x08008a53   Thumb Code    18  stm32f4xx_tim.o(.text)
    TIM_ForcedOC2Config                      0x08008a65   Thumb Code    26  stm32f4xx_tim.o(.text)
    TIM_ForcedOC3Config                      0x08008a7f   Thumb Code    18  stm32f4xx_tim.o(.text)
    TIM_ForcedOC4Config                      0x08008a91   Thumb Code    26  stm32f4xx_tim.o(.text)
    TIM_OC1PreloadConfig                     0x08008aab   Thumb Code    18  stm32f4xx_tim.o(.text)
    TIM_OC2PreloadConfig                     0x08008abd   Thumb Code    26  stm32f4xx_tim.o(.text)
    TIM_OC3PreloadConfig                     0x08008ad7   Thumb Code    18  stm32f4xx_tim.o(.text)
    TIM_OC4PreloadConfig                     0x08008ae9   Thumb Code    26  stm32f4xx_tim.o(.text)
    TIM_OC1FastConfig                        0x08008b03   Thumb Code    18  stm32f4xx_tim.o(.text)
    TIM_OC2FastConfig                        0x08008b15   Thumb Code    26  stm32f4xx_tim.o(.text)
    TIM_OC3FastConfig                        0x08008b2f   Thumb Code    18  stm32f4xx_tim.o(.text)
    TIM_OC4FastConfig                        0x08008b41   Thumb Code    26  stm32f4xx_tim.o(.text)
    TIM_ClearOC1Ref                          0x08008b5b   Thumb Code    18  stm32f4xx_tim.o(.text)
    TIM_ClearOC2Ref                          0x08008b6d   Thumb Code    24  stm32f4xx_tim.o(.text)
    TIM_ClearOC3Ref                          0x08008b85   Thumb Code    18  stm32f4xx_tim.o(.text)
    TIM_ClearOC4Ref                          0x08008b97   Thumb Code    24  stm32f4xx_tim.o(.text)
    TIM_OC1PolarityConfig                    0x08008baf   Thumb Code    18  stm32f4xx_tim.o(.text)
    TIM_OC1NPolarityConfig                   0x08008bc1   Thumb Code    18  stm32f4xx_tim.o(.text)
    TIM_OC2PolarityConfig                    0x08008bd3   Thumb Code    26  stm32f4xx_tim.o(.text)
    TIM_OC2NPolarityConfig                   0x08008bed   Thumb Code    26  stm32f4xx_tim.o(.text)
    TIM_OC3PolarityConfig                    0x08008c07   Thumb Code    26  stm32f4xx_tim.o(.text)
    TIM_OC3NPolarityConfig                   0x08008c21   Thumb Code    26  stm32f4xx_tim.o(.text)
    TIM_OC4PolarityConfig                    0x08008c3b   Thumb Code    26  stm32f4xx_tim.o(.text)
    TIM_CCxCmd                               0x08008c55   Thumb Code    30  stm32f4xx_tim.o(.text)
    TIM_CCxNCmd                              0x08008c73   Thumb Code    30  stm32f4xx_tim.o(.text)
    TIM_SetIC4Prescaler                      0x08008c91   Thumb Code    26  stm32f4xx_tim.o(.text)
    TIM_SetIC3Prescaler                      0x08008cfb   Thumb Code    18  stm32f4xx_tim.o(.text)
    TIM_SetIC2Prescaler                      0x08008d55   Thumb Code    26  stm32f4xx_tim.o(.text)
    TIM_SetIC1Prescaler                      0x08008dc9   Thumb Code    18  stm32f4xx_tim.o(.text)
    TIM_ICInit                               0x08008e15   Thumb Code   110  stm32f4xx_tim.o(.text)
    TIM_ICStructInit                         0x08008e83   Thumb Code    18  stm32f4xx_tim.o(.text)
    TIM_PWMIConfig                           0x08008e95   Thumb Code   124  stm32f4xx_tim.o(.text)
    TIM_GetCapture1                          0x08008f11   Thumb Code     6  stm32f4xx_tim.o(.text)
    TIM_GetCapture2                          0x08008f17   Thumb Code     6  stm32f4xx_tim.o(.text)
    TIM_GetCapture3                          0x08008f1d   Thumb Code     6  stm32f4xx_tim.o(.text)
    TIM_GetCapture4                          0x08008f23   Thumb Code     6  stm32f4xx_tim.o(.text)
    TIM_BDTRConfig                           0x08008f29   Thumb Code    32  stm32f4xx_tim.o(.text)
    TIM_BDTRStructInit                       0x08008f49   Thumb Code    18  stm32f4xx_tim.o(.text)
    TIM_CtrlPWMOutputs                       0x08008f5b   Thumb Code    30  stm32f4xx_tim.o(.text)
    TIM_SelectCOM                            0x08008f79   Thumb Code    24  stm32f4xx_tim.o(.text)
    TIM_CCPreloadControl                     0x08008f91   Thumb Code    24  stm32f4xx_tim.o(.text)
    TIM_ITConfig                             0x08008fa9   Thumb Code    18  stm32f4xx_tim.o(.text)
    TIM_GenerateEvent                        0x08008fbb   Thumb Code     4  stm32f4xx_tim.o(.text)
    TIM_GetFlagStatus                        0x08008fbf   Thumb Code    18  stm32f4xx_tim.o(.text)
    TIM_ClearFlag                            0x08008fd1   Thumb Code     6  stm32f4xx_tim.o(.text)
    TIM_GetITStatus                          0x08008fd7   Thumb Code    34  stm32f4xx_tim.o(.text)
    TIM_ClearITPendingBit                    0x08008ff9   Thumb Code     6  stm32f4xx_tim.o(.text)
    TIM_DMAConfig                            0x08008fff   Thumb Code    10  stm32f4xx_tim.o(.text)
    TIM_DMACmd                               0x08009009   Thumb Code    18  stm32f4xx_tim.o(.text)
    TIM_SelectCCDMA                          0x0800901b   Thumb Code    24  stm32f4xx_tim.o(.text)
    TIM_InternalClockConfig                  0x08009033   Thumb Code    12  stm32f4xx_tim.o(.text)
    TIM_SelectInputTrigger                   0x0800903f   Thumb Code    18  stm32f4xx_tim.o(.text)
    TIM_ITRxExternalClockConfig              0x08009051   Thumb Code    24  stm32f4xx_tim.o(.text)
    TIM_TIxExternalClockConfig               0x08009069   Thumb Code    62  stm32f4xx_tim.o(.text)
    TIM_ETRConfig                            0x080090a7   Thumb Code    28  stm32f4xx_tim.o(.text)
    TIM_ETRClockMode1Config                  0x080090c3   Thumb Code    54  stm32f4xx_tim.o(.text)
    TIM_ETRClockMode2Config                  0x080090f9   Thumb Code    32  stm32f4xx_tim.o(.text)
    TIM_SelectOutputTrigger                  0x08009119   Thumb Code    18  stm32f4xx_tim.o(.text)
    TIM_SelectSlaveMode                      0x0800912b   Thumb Code    18  stm32f4xx_tim.o(.text)
    TIM_SelectMasterSlaveMode                0x0800913d   Thumb Code    18  stm32f4xx_tim.o(.text)
    TIM_EncoderInterfaceConfig               0x0800914f   Thumb Code    66  stm32f4xx_tim.o(.text)
    TIM_SelectHallSensor                     0x08009191   Thumb Code    24  stm32f4xx_tim.o(.text)
    TIM_RemapConfig                          0x080091a9   Thumb Code     6  stm32f4xx_tim.o(.text)
    USART_DeInit                             0x080091b1   Thumb Code   206  stm32f4xx_usart.o(.text)
    USART_Init                               0x0800927f   Thumb Code   204  stm32f4xx_usart.o(.text)
    USART_StructInit                         0x0800934b   Thumb Code    24  stm32f4xx_usart.o(.text)
    USART_ClockInit                          0x08009363   Thumb Code    32  stm32f4xx_usart.o(.text)
    USART_ClockStructInit                    0x08009383   Thumb Code    12  stm32f4xx_usart.o(.text)
    USART_Cmd                                0x0800938f   Thumb Code    24  stm32f4xx_usart.o(.text)
    USART_SetPrescaler                       0x080093a7   Thumb Code    16  stm32f4xx_usart.o(.text)
    USART_OverSampling8Cmd                   0x080093b7   Thumb Code    22  stm32f4xx_usart.o(.text)
    USART_OneBitMethodCmd                    0x080093cd   Thumb Code    24  stm32f4xx_usart.o(.text)
    USART_SendData                           0x080093e5   Thumb Code     8  stm32f4xx_usart.o(.text)
    USART_ReceiveData                        0x080093ed   Thumb Code    10  stm32f4xx_usart.o(.text)
    USART_SetAddress                         0x080093f7   Thumb Code    18  stm32f4xx_usart.o(.text)
    USART_ReceiverWakeUpCmd                  0x08009409   Thumb Code    24  stm32f4xx_usart.o(.text)
    USART_WakeUpConfig                       0x08009421   Thumb Code    18  stm32f4xx_usart.o(.text)
    USART_LINBreakDetectLengthConfig         0x08009433   Thumb Code    18  stm32f4xx_usart.o(.text)
    USART_LINCmd                             0x08009445   Thumb Code    24  stm32f4xx_usart.o(.text)
    USART_SendBreak                          0x0800945d   Thumb Code    10  stm32f4xx_usart.o(.text)
    USART_HalfDuplexCmd                      0x08009467   Thumb Code    24  stm32f4xx_usart.o(.text)
    USART_SetGuardTime                       0x0800947f   Thumb Code    16  stm32f4xx_usart.o(.text)
    USART_SmartCardCmd                       0x0800948f   Thumb Code    24  stm32f4xx_usart.o(.text)
    USART_SmartCardNACKCmd                   0x080094a7   Thumb Code    24  stm32f4xx_usart.o(.text)
    USART_IrDAConfig                         0x080094bf   Thumb Code    18  stm32f4xx_usart.o(.text)
    USART_IrDACmd                            0x080094d1   Thumb Code    24  stm32f4xx_usart.o(.text)
    USART_DMACmd                             0x080094e9   Thumb Code    18  stm32f4xx_usart.o(.text)
    USART_ITConfig                           0x080094fb   Thumb Code    74  stm32f4xx_usart.o(.text)
    USART_GetFlagStatus                      0x08009545   Thumb Code    26  stm32f4xx_usart.o(.text)
    USART_ClearFlag                          0x0800955f   Thumb Code    18  stm32f4xx_usart.o(.text)
    USART_GetITStatus                        0x08009571   Thumb Code   118  stm32f4xx_usart.o(.text)
    USART_ClearITPendingBit                  0x080095e7   Thumb Code    30  stm32f4xx_usart.o(.text)
    __use_no_semihosting                     0x08009605   Thumb Code     2  use_no_semi_2.o(.text)
    __c89vsprintf                            0x08009609   Thumb Code    32  c89vsprintf.o(.text)
    __2printf                                0x0800962d   Thumb Code    20  __2printf.o(.text)
    __2sprintf                               0x08009645   Thumb Code    38  __2sprintf.o(.text)
    _printf_pre_padding                      0x08009671   Thumb Code    44  _printf_pad.o(.text)
    _printf_post_padding                     0x0800969d   Thumb Code    34  _printf_pad.o(.text)
    _printf_str                              0x080096bf   Thumb Code    82  _printf_str.o(.text)
    _printf_int_dec                          0x08009711   Thumb Code   104  _printf_dec.o(.text)
    _printf_longlong_hex                     0x08009789   Thumb Code    86  _printf_hex_int_ll_ptr.o(.text)
    _printf_int_hex                          0x080097df   Thumb Code    28  _printf_hex_int_ll_ptr.o(.text)
    _printf_ll_hex                           0x080097fb   Thumb Code    12  _printf_hex_int_ll_ptr.o(.text)
    _printf_hex_ptr                          0x08009807   Thumb Code    18  _printf_hex_int_ll_ptr.o(.text)
    __printf                                 0x0800981d   Thumb Code   388  __printf_flags_ss_wp.o(.text)
    strstr                                   0x080099a5   Thumb Code    36  strstr.o(.text)
    strlen                                   0x080099c9   Thumb Code    62  strlen.o(.text)
    __use_two_region_memory                  0x08009a07   Thumb Code     2  heapauxi.o(.text)
    __rt_heap_escrow$2region                 0x08009a09   Thumb Code     2  heapauxi.o(.text)
    __rt_heap_expand$2region                 0x08009a0b   Thumb Code     2  heapauxi.o(.text)
    __I$use$semihosting                      0x08009a0d   Thumb Code     0  use_no_semi.o(.text)
    __use_no_semihosting_swi                 0x08009a0d   Thumb Code     2  use_no_semi.o(.text)
    _printf_truncate_signed                  0x08009a0f   Thumb Code    18  _printf_truncate.o(.text)
    _printf_truncate_unsigned                0x08009a21   Thumb Code    18  _printf_truncate.o(.text)
    _printf_int_common                       0x08009a33   Thumb Code   178  _printf_intcommon.o(.text)
    _printf_charcount                        0x08009ae5   Thumb Code    40  _printf_charcount.o(.text)
    __lib_sel_fp_printf                      0x08009b0d   Thumb Code     2  _printf_fp_dec.o(.text)
    _printf_fp_dec_real                      0x08009cbb   Thumb Code   620  _printf_fp_dec.o(.text)
    _printf_char_common                      0x08009f33   Thumb Code    32  _printf_char_common.o(.text)
    _sputc                                   0x08009f59   Thumb Code    10  _sputc.o(.text)
    _printf_cs_common                        0x08009f63   Thumb Code    20  _printf_char.o(.text)
    _printf_char                             0x08009f77   Thumb Code    16  _printf_char.o(.text)
    _printf_string                           0x08009f87   Thumb Code     8  _printf_char.o(.text)
    _printf_char_file                        0x08009f91   Thumb Code    32  _printf_char_file.o(.text)
    _printf_wctomb                           0x08009fb5   Thumb Code   182  _printf_wctomb.o(.text)
    _printf_longlong_dec                     0x0800a071   Thumb Code   108  _printf_longlong_dec.o(.text)
    _printf_longlong_oct                     0x0800a0ed   Thumb Code    68  _printf_oct_int_ll.o(.text)
    _printf_int_oct                          0x0800a131   Thumb Code    24  _printf_oct_int_ll.o(.text)
    _printf_ll_oct                           0x0800a149   Thumb Code    12  _printf_oct_int_ll.o(.text)
    __rt_locale                              0x0800a15d   Thumb Code     8  rt_locale_intlibspace.o(.text)
    _ll_udiv10                               0x0800a165   Thumb Code   138  lludiv10.o(.text)
    _printf_fp_infnan                        0x0800a1f1   Thumb Code   112  _printf_fp_infnan.o(.text)
    _printf_lcs_common                       0x0800a271   Thumb Code    20  _printf_wchar.o(.text)
    _printf_wchar                            0x0800a285   Thumb Code    16  _printf_wchar.o(.text)
    _printf_wstring                          0x0800a295   Thumb Code     8  _printf_wchar.o(.text)
    _btod_etento                             0x0800a29d   Thumb Code   216  bigflt0.o(.text)
    ferror                                   0x0800a379   Thumb Code     8  ferror.o(.text)
    _wcrtomb                                 0x0800a381   Thumb Code    64  _wcrtomb.o(.text)
    __user_libspace                          0x0800a3c1   Thumb Code     8  libspace.o(.text)
    __user_perproc_libspace                  0x0800a3c1   Thumb Code     0  libspace.o(.text)
    __user_perthread_libspace                0x0800a3c1   Thumb Code     0  libspace.o(.text)
    __user_setup_stackheap                   0x0800a3c9   Thumb Code    74  sys_stackheap_outer.o(.text)
    __rt_ctype_table                         0x0800a415   Thumb Code    16  rt_ctype_table.o(.text)
    exit                                     0x0800a425   Thumb Code    12  exit.o(.text)
    strcmp                                   0x0800a431   Thumb Code   128  strcmpv7m.o(.text)
    _btod_d2e                                0x0800a4b1   Thumb Code    62  btod.o(CL$$btod_d2e)
    _d2e_denorm_low                          0x0800a4ef   Thumb Code    70  btod.o(CL$$btod_d2e_denorm_low)
    _d2e_norm_op1                            0x0800a535   Thumb Code    96  btod.o(CL$$btod_d2e_norm_op1)
    __btod_div_common                        0x0800a595   Thumb Code   696  btod.o(CL$$btod_div_common)
    _e2e                                     0x0800a8cd   Thumb Code   198  btod.o(CL$$btod_e2e)
    _btod_ediv                               0x0800a993   Thumb Code    40  btod.o(CL$$btod_ediv)
    _btod_emul                               0x0800a9bb   Thumb Code    40  btod.o(CL$$btod_emul)
    __btod_mult_common                       0x0800a9e3   Thumb Code   580  btod.o(CL$$btod_mult_common)
    __ARM_fpclassify                         0x0800ac27   Thumb Code    48  fpclassify.o(i.__ARM_fpclassify)
    _is_digit                                0x0800ac57   Thumb Code    14  __printf_wp.o(i._is_digit)
    _get_lc_numeric                          0x0800ac65   Thumb Code    44  lc_numeric_c.o(locale$$code)
    _get_lc_ctype                            0x0800ac91   Thumb Code    44  lc_ctype_c.o(locale$$code)
    __aeabi_d2f                              0x0800acbd   Thumb Code     0  d2f.o(x$fpl$d2f)
    _d2f                                     0x0800acbd   Thumb Code    98  d2f.o(x$fpl$d2f)
    __aeabi_d2uiz                            0x0800ad21   Thumb Code     0  dfixu.o(x$fpl$dfixu)
    _dfixu                                   0x0800ad21   Thumb Code    90  dfixu.o(x$fpl$dfixu)
    __aeabi_ui2d                             0x0800ad7b   Thumb Code     0  dflt_clz.o(x$fpl$dfltu)
    _dfltu                                   0x0800ad7b   Thumb Code    38  dflt_clz.o(x$fpl$dfltu)
    __aeabi_dmul                             0x0800ada1   Thumb Code     0  dmul.o(x$fpl$dmul)
    _dmul                                    0x0800ada1   Thumb Code   332  dmul.o(x$fpl$dmul)
    __fpl_dnaninf                            0x0800aef5   Thumb Code   156  dnaninf.o(x$fpl$dnaninf)
    __fpl_dretinf                            0x0800af91   Thumb Code    12  dretinf.o(x$fpl$dretinf)
    __aeabi_f2d                              0x0800af9d   Thumb Code     0  f2d.o(x$fpl$f2d)
    _f2d                                     0x0800af9d   Thumb Code    86  f2d.o(x$fpl$f2d)
    __fpl_fnaninf                            0x0800aff3   Thumb Code   140  fnaninf.o(x$fpl$fnaninf)
    _fp_init                                 0x0800b07f   Thumb Code    10  fpinit.o(x$fpl$fpinit)
    __fplib_config_fpu_vfp                   0x0800b087   Thumb Code     0  fpinit.o(x$fpl$fpinit)
    __fplib_config_pureend_doubles           0x0800b087   Thumb Code     0  fpinit.o(x$fpl$fpinit)
    __fpl_fretinf                            0x0800b089   Thumb Code    10  fretinf.o(x$fpl$fretinf)
    _printf_fp_dec                           0x0800b093   Thumb Code     4  printf1.o(x$fpl$printf1)
    __I$use$fp                               0x0800b096   Number         0  usenofp.o(x$fpl$usenofp)
    asc2_1206                                0x0800b096   Data        1140  lcd.o(.constdata)
    asc2_1608                                0x0800b50a   Data        1520  lcd.o(.constdata)
    asc2_2412                                0x0800bafa   Data        3420  lcd.o(.constdata)
    FSMC_DefaultTimingStruct                 0x0800c858   Data          28  stm32f4xx_fsmc.o(.constdata)
    Region$$Table$$Base                      0x0800c94c   Number         0  anon$$obj.o(Region$$Table)
    Region$$Table$$Limit                     0x0800c96c   Number         0  anon$$obj.o(Region$$Table)
    __ctype                                  0x0800c995   Data           0  lc_ctype_c.o(locale$$data)
    LED_Flag                                 0x20000000   Data           1  main.o(.data)
    sendDataFlag                             0x20000001   Data           1  main.o(.data)
    timeDisplay                              0x20000002   Data           1  main.o(.data)
    SystemCoreClock                          0x20000004   Data           4  system_stm32f4xx.o(.data)
    AHBPrescTable                            0x20000008   Data          16  system_stm32f4xx.o(.data)
    __stdout                                 0x2000001c   Data           4  usart.o(.data)
    USART_RX_STA                             0x20000020   Data           2  usart.o(.data)
    POINT_COLOR                              0x20000024   Data           2  lcd.o(.data)
    BACK_COLOR                               0x20000026   Data           2  lcd.o(.data)
    USART3_RX_STA                            0x20000028   Data           2  usart3.o(.data)
    NVIC_InitStructure                       0x2000002a   Data           4  rtc.o(.data)
    str                                      0x20000040   Data         200  main.o(.bss)
    USART_RX_BUF                             0x20000108   Data         200  usart.o(.bss)
    lcddev                                   0x200001d0   Data          14  lcd.o(.bss)
    USART3_TX_BUF                            0x200001e0   Data         400  usart3.o(.bss)
    USART3_RX_BUF                            0x20000370   Data         400  usart3.o(.bss)
    __libspace_start                         0x20000500   Data          96  libspace.o(.bss)
    __temporary_stack_top$libspace           0x20000560   Data           0  libspace.o(.bss)



==============================================================================

Memory Map of the image

  Image Entry point : 0x08000189

  Load Region LR_IROM1 (Base: 0x08000000, Size: 0x0000cad8, Max: 0x00100000, ABSOLUTE)

    Execution Region ER_IROM1 (Base: 0x08000000, Size: 0x0000ca98, Max: 0x00100000, ABSOLUTE)

    Base Addr    Size         Type   Attr      Idx    E Section Name        Object

    0x08000000   0x00000188   Data   RO          308    RESET               startup_stm32f40_41xxx.o
    0x08000188   0x00000008   Code   RO         1463  * !!!main             c_w.l(__main.o)
    0x08000190   0x00000034   Code   RO         1748    !!!scatter          c_w.l(__scatter.o)
    0x080001c4   0x0000001a   Code   RO         1750    !!handler_copy      c_w.l(__scatter_copy.o)
    0x080001de   0x00000002   PAD
    0x080001e0   0x0000001c   Code   RO         1752    !!handler_zi        c_w.l(__scatter_zi.o)
    0x080001fc   0x00000000   Code   RO         1456    .ARM.Collect$$_printf_percent$$00000000  c_w.l(_printf_percent.o)
    0x080001fc   0x00000006   Code   RO         1514    .ARM.Collect$$_printf_percent$$00000001  c_w.l(_printf_n.o)
    0x08000202   0x00000006   Code   RO         1515    .ARM.Collect$$_printf_percent$$00000002  c_w.l(_printf_p.o)
    0x08000208   0x00000006   Code   RO         1455    .ARM.Collect$$_printf_percent$$00000003  c_w.l(_printf_f.o)
    0x0800020e   0x00000006   Code   RO         1519    .ARM.Collect$$_printf_percent$$00000004  c_w.l(_printf_e.o)
    0x08000214   0x00000006   Code   RO         1520    .ARM.Collect$$_printf_percent$$00000005  c_w.l(_printf_g.o)
    0x0800021a   0x00000006   Code   RO         1521    .ARM.Collect$$_printf_percent$$00000006  c_w.l(_printf_a.o)
    0x08000220   0x0000000a   Code   RO         1526    .ARM.Collect$$_printf_percent$$00000007  c_w.l(_printf_ll.o)
    0x0800022a   0x00000006   Code   RO         1517    .ARM.Collect$$_printf_percent$$00000008  c_w.l(_printf_i.o)
    0x08000230   0x00000006   Code   RO         1454    .ARM.Collect$$_printf_percent$$00000009  c_w.l(_printf_d.o)
    0x08000236   0x00000006   Code   RO         1518    .ARM.Collect$$_printf_percent$$0000000A  c_w.l(_printf_u.o)
    0x0800023c   0x00000006   Code   RO         1516    .ARM.Collect$$_printf_percent$$0000000B  c_w.l(_printf_o.o)
    0x08000242   0x00000006   Code   RO         1453    .ARM.Collect$$_printf_percent$$0000000C  c_w.l(_printf_x.o)
    0x08000248   0x00000006   Code   RO         1523    .ARM.Collect$$_printf_percent$$0000000D  c_w.l(_printf_lli.o)
    0x0800024e   0x00000006   Code   RO         1524    .ARM.Collect$$_printf_percent$$0000000E  c_w.l(_printf_lld.o)
    0x08000254   0x00000006   Code   RO         1525    .ARM.Collect$$_printf_percent$$0000000F  c_w.l(_printf_llu.o)
    0x0800025a   0x00000006   Code   RO         1530    .ARM.Collect$$_printf_percent$$00000010  c_w.l(_printf_llo.o)
    0x08000260   0x00000006   Code   RO         1531    .ARM.Collect$$_printf_percent$$00000011  c_w.l(_printf_llx.o)
    0x08000266   0x0000000a   Code   RO         1527    .ARM.Collect$$_printf_percent$$00000012  c_w.l(_printf_l.o)
    0x08000270   0x00000006   Code   RO         1513    .ARM.Collect$$_printf_percent$$00000013  c_w.l(_printf_c.o)
    0x08000276   0x00000006   Code   RO         1452    .ARM.Collect$$_printf_percent$$00000014  c_w.l(_printf_s.o)
    0x0800027c   0x00000006   Code   RO         1528    .ARM.Collect$$_printf_percent$$00000015  c_w.l(_printf_lc.o)
    0x08000282   0x00000006   Code   RO         1529    .ARM.Collect$$_printf_percent$$00000016  c_w.l(_printf_ls.o)
    0x08000288   0x00000004   Code   RO         1522    .ARM.Collect$$_printf_percent$$00000017  c_w.l(_printf_percent_end.o)
    0x0800028c   0x00000002   Code   RO         1623    .ARM.Collect$$libinit$$00000000  c_w.l(libinit.o)
    0x0800028e   0x00000004   Code   RO         1624    .ARM.Collect$$libinit$$00000001  c_w.l(libinit2.o)
    0x08000292   0x00000000   Code   RO         1627    .ARM.Collect$$libinit$$00000004  c_w.l(libinit2.o)
    0x08000292   0x00000000   Code   RO         1630    .ARM.Collect$$libinit$$0000000A  c_w.l(libinit2.o)
    0x08000292   0x00000000   Code   RO         1632    .ARM.Collect$$libinit$$0000000C  c_w.l(libinit2.o)
    0x08000292   0x00000000   Code   RO         1634    .ARM.Collect$$libinit$$0000000E  c_w.l(libinit2.o)
    0x08000292   0x00000006   Code   RO         1635    .ARM.Collect$$libinit$$0000000F  c_w.l(libinit2.o)
    0x08000298   0x00000000   Code   RO         1637    .ARM.Collect$$libinit$$00000011  c_w.l(libinit2.o)
    0x08000298   0x0000000c   Code   RO         1638    .ARM.Collect$$libinit$$00000012  c_w.l(libinit2.o)
    0x080002a4   0x00000000   Code   RO         1639    .ARM.Collect$$libinit$$00000013  c_w.l(libinit2.o)
    0x080002a4   0x00000000   Code   RO         1641    .ARM.Collect$$libinit$$00000015  c_w.l(libinit2.o)
    0x080002a4   0x0000000a   Code   RO         1642    .ARM.Collect$$libinit$$00000016  c_w.l(libinit2.o)
    0x080002ae   0x00000000   Code   RO         1643    .ARM.Collect$$libinit$$00000017  c_w.l(libinit2.o)
    0x080002ae   0x00000000   Code   RO         1645    .ARM.Collect$$libinit$$00000019  c_w.l(libinit2.o)
    0x080002ae   0x00000000   Code   RO         1647    .ARM.Collect$$libinit$$0000001B  c_w.l(libinit2.o)
    0x080002ae   0x00000000   Code   RO         1649    .ARM.Collect$$libinit$$0000001D  c_w.l(libinit2.o)
    0x080002ae   0x00000000   Code   RO         1651    .ARM.Collect$$libinit$$0000001F  c_w.l(libinit2.o)
    0x080002ae   0x00000000   Code   RO         1653    .ARM.Collect$$libinit$$00000021  c_w.l(libinit2.o)
    0x080002ae   0x00000000   Code   RO         1655    .ARM.Collect$$libinit$$00000023  c_w.l(libinit2.o)
    0x080002ae   0x00000000   Code   RO         1657    .ARM.Collect$$libinit$$00000025  c_w.l(libinit2.o)
    0x080002ae   0x00000000   Code   RO         1661    .ARM.Collect$$libinit$$0000002C  c_w.l(libinit2.o)
    0x080002ae   0x00000000   Code   RO         1663    .ARM.Collect$$libinit$$0000002E  c_w.l(libinit2.o)
    0x080002ae   0x00000000   Code   RO         1665    .ARM.Collect$$libinit$$00000030  c_w.l(libinit2.o)
    0x080002ae   0x00000000   Code   RO         1667    .ARM.Collect$$libinit$$00000032  c_w.l(libinit2.o)
    0x080002ae   0x00000002   Code   RO         1668    .ARM.Collect$$libinit$$00000033  c_w.l(libinit2.o)
    0x080002b0   0x00000002   Code   RO         1699    .ARM.Collect$$libshutdown$$00000000  c_w.l(libshutdown.o)
    0x080002b2   0x00000000   Code   RO         1709    .ARM.Collect$$libshutdown$$00000003  c_w.l(libshutdown2.o)
    0x080002b2   0x00000000   Code   RO         1712    .ARM.Collect$$libshutdown$$00000006  c_w.l(libshutdown2.o)
    0x080002b2   0x00000000   Code   RO         1715    .ARM.Collect$$libshutdown$$00000009  c_w.l(libshutdown2.o)
    0x080002b2   0x00000000   Code   RO         1717    .ARM.Collect$$libshutdown$$0000000B  c_w.l(libshutdown2.o)
    0x080002b2   0x00000000   Code   RO         1720    .ARM.Collect$$libshutdown$$0000000E  c_w.l(libshutdown2.o)
    0x080002b2   0x00000002   Code   RO         1721    .ARM.Collect$$libshutdown$$0000000F  c_w.l(libshutdown2.o)
    0x080002b4   0x00000000   Code   RO         1485    .ARM.Collect$$rtentry$$00000000  c_w.l(__rtentry.o)
    0x080002b4   0x00000000   Code   RO         1542    .ARM.Collect$$rtentry$$00000002  c_w.l(__rtentry2.o)
    0x080002b4   0x00000006   Code   RO         1554    .ARM.Collect$$rtentry$$00000004  c_w.l(__rtentry4.o)
    0x080002ba   0x00000000   Code   RO         1544    .ARM.Collect$$rtentry$$00000009  c_w.l(__rtentry2.o)
    0x080002ba   0x00000004   Code   RO         1545    .ARM.Collect$$rtentry$$0000000A  c_w.l(__rtentry2.o)
    0x080002be   0x00000000   Code   RO         1547    .ARM.Collect$$rtentry$$0000000C  c_w.l(__rtentry2.o)
    0x080002be   0x00000008   Code   RO         1548    .ARM.Collect$$rtentry$$0000000D  c_w.l(__rtentry2.o)
    0x080002c6   0x00000002   Code   RO         1669    .ARM.Collect$$rtexit$$00000000  c_w.l(rtexit.o)
    0x080002c8   0x00000000   Code   RO         1679    .ARM.Collect$$rtexit$$00000002  c_w.l(rtexit2.o)
    0x080002c8   0x00000004   Code   RO         1680    .ARM.Collect$$rtexit$$00000003  c_w.l(rtexit2.o)
    0x080002cc   0x00000006   Code   RO         1681    .ARM.Collect$$rtexit$$00000004  c_w.l(rtexit2.o)
    0x080002d2   0x00000002   PAD
    0x080002d4   0x000002e0   Code   RO            3    .text               main.o
    0x080005b4   0x0000001a   Code   RO          181    .text               stm32f4xx_it.o
    0x080005ce   0x00000002   PAD
    0x080005d0   0x00000210   Code   RO          282    .text               system_stm32f4xx.o
    0x080007e0   0x00000040   Code   RO          309    .text               startup_stm32f40_41xxx.o
    0x08000820   0x00000104   Code   RO          315    .text               delay.o
    0x08000924   0x00000154   Code   RO          381    .text               usart.o
    0x08000a78   0x0000019c   Code   RO          412    .text               exti.o
    0x08000c14   0x00000104   Code   RO          435    .text               key.o
    0x08000d18   0x00004c80   Code   RO          456    .text               lcd.o
    0x08005998   0x00000040   Code   RO          498    .text               led.o
    0x080059d8   0x000000e0   Code   RO          518    .text               adc.o
    0x08005ab8   0x0000019c   Code   RO          538    .text               common.o
    0x08005c54   0x00000080   Code   RO          569    .text               timer.o
    0x08005cd4   0x0000018c   Code   RO          593    .text               usart3.o
    0x08005e60   0x00000238   Code   RO          627    .text               rtc.o
    0x08006098   0x000000e0   Code   RO          651    .text               misc.o
    0x08006178   0x00000464   Code   RO          694    .text               stm32f4xx_adc.o
    0x080065dc   0x00000110   Code   RO          937    .text               stm32f4xx_exti.o
    0x080066ec   0x000005c8   Code   RO         1000    .text               stm32f4xx_fsmc.o
    0x08006cb4   0x00000294   Code   RO         1023    .text               stm32f4xx_gpio.o
    0x08006f48   0x0000016c   Code   RO         1166    .text               stm32f4xx_pwr.o
    0x080070b4   0x0000065c   Code   RO         1186    .text               stm32f4xx_rcc.o
    0x08007710   0x00000d68   Code   RO         1228    .text               stm32f4xx_rtc.o
    0x08008478   0x00000094   Code   RO         1311    .text               stm32f4xx_syscfg.o
    0x0800850c   0x00000ca2   Code   RO         1331    .text               stm32f4xx_tim.o
    0x080091ae   0x00000002   PAD
    0x080091b0   0x00000454   Code   RO         1351    .text               stm32f4xx_usart.o
    0x08009604   0x00000002   Code   RO         1391    .text               c_w.l(use_no_semi_2.o)
    0x08009606   0x00000002   PAD
    0x08009608   0x00000024   Code   RO         1393    .text               c_w.l(c89vsprintf.o)
    0x0800962c   0x00000018   Code   RO         1395    .text               c_w.l(__2printf.o)
    0x08009644   0x0000002c   Code   RO         1397    .text               c_w.l(__2sprintf.o)
    0x08009670   0x0000004e   Code   RO         1405    .text               c_w.l(_printf_pad.o)
    0x080096be   0x00000052   Code   RO         1407    .text               c_w.l(_printf_str.o)
    0x08009710   0x00000078   Code   RO         1409    .text               c_w.l(_printf_dec.o)
    0x08009788   0x00000094   Code   RO         1429    .text               c_w.l(_printf_hex_int_ll_ptr.o)
    0x0800981c   0x00000188   Code   RO         1449    .text               c_w.l(__printf_flags_ss_wp.o)
    0x080099a4   0x00000024   Code   RO         1457    .text               c_w.l(strstr.o)
    0x080099c8   0x0000003e   Code   RO         1459    .text               c_w.l(strlen.o)
    0x08009a06   0x00000006   Code   RO         1461    .text               c_w.l(heapauxi.o)
    0x08009a0c   0x00000002   Code   RO         1483    .text               c_w.l(use_no_semi.o)
    0x08009a0e   0x00000024   Code   RO         1486    .text               c_w.l(_printf_truncate.o)
    0x08009a32   0x000000b2   Code   RO         1488    .text               c_w.l(_printf_intcommon.o)
    0x08009ae4   0x00000028   Code   RO         1490    .text               c_w.l(_printf_charcount.o)
    0x08009b0c   0x0000041a   Code   RO         1492    .text               c_w.l(_printf_fp_dec.o)
    0x08009f26   0x00000002   PAD
    0x08009f28   0x00000030   Code   RO         1494    .text               c_w.l(_printf_char_common.o)
    0x08009f58   0x0000000a   Code   RO         1496    .text               c_w.l(_sputc.o)
    0x08009f62   0x0000002c   Code   RO         1498    .text               c_w.l(_printf_char.o)
    0x08009f8e   0x00000002   PAD
    0x08009f90   0x00000024   Code   RO         1500    .text               c_w.l(_printf_char_file.o)
    0x08009fb4   0x000000bc   Code   RO         1502    .text               c_w.l(_printf_wctomb.o)
    0x0800a070   0x0000007c   Code   RO         1505    .text               c_w.l(_printf_longlong_dec.o)
    0x0800a0ec   0x00000070   Code   RO         1511    .text               c_w.l(_printf_oct_int_ll.o)
    0x0800a15c   0x00000008   Code   RO         1559    .text               c_w.l(rt_locale_intlibspace.o)
    0x0800a164   0x0000008a   Code   RO         1561    .text               c_w.l(lludiv10.o)
    0x0800a1ee   0x00000002   PAD
    0x0800a1f0   0x00000080   Code   RO         1563    .text               c_w.l(_printf_fp_infnan.o)
    0x0800a270   0x0000002c   Code   RO         1567    .text               c_w.l(_printf_wchar.o)
    0x0800a29c   0x000000dc   Code   RO         1569    .text               c_w.l(bigflt0.o)
    0x0800a378   0x00000008   Code   RO         1594    .text               c_w.l(ferror.o)
    0x0800a380   0x00000040   Code   RO         1598    .text               c_w.l(_wcrtomb.o)
    0x0800a3c0   0x00000008   Code   RO         1607    .text               c_w.l(libspace.o)
    0x0800a3c8   0x0000004a   Code   RO         1610    .text               c_w.l(sys_stackheap_outer.o)
    0x0800a412   0x00000002   PAD
    0x0800a414   0x00000010   Code   RO         1612    .text               c_w.l(rt_ctype_table.o)
    0x0800a424   0x0000000c   Code   RO         1614    .text               c_w.l(exit.o)
    0x0800a430   0x00000080   Code   RO         1616    .text               c_w.l(strcmpv7m.o)
    0x0800a4b0   0x0000003e   Code   RO         1572    CL$$btod_d2e        c_w.l(btod.o)
    0x0800a4ee   0x00000046   Code   RO         1574    CL$$btod_d2e_denorm_low  c_w.l(btod.o)
    0x0800a534   0x00000060   Code   RO         1573    CL$$btod_d2e_norm_op1  c_w.l(btod.o)
    0x0800a594   0x00000338   Code   RO         1582    CL$$btod_div_common  c_w.l(btod.o)
    0x0800a8cc   0x000000c6   Code   RO         1579    CL$$btod_e2e        c_w.l(btod.o)
    0x0800a992   0x00000028   Code   RO         1576    CL$$btod_ediv       c_w.l(btod.o)
    0x0800a9ba   0x00000028   Code   RO         1575    CL$$btod_emul       c_w.l(btod.o)
    0x0800a9e2   0x00000244   Code   RO         1581    CL$$btod_mult_common  c_w.l(btod.o)
    0x0800ac26   0x00000030   Code   RO         1605    i.__ARM_fpclassify  m_wm.l(fpclassify.o)
    0x0800ac56   0x0000000e   Code   RO         1442    i._is_digit         c_w.l(__printf_wp.o)
    0x0800ac64   0x0000002c   Code   RO         1601    locale$$code        c_w.l(lc_numeric_c.o)
    0x0800ac90   0x0000002c   Code   RO         1672    locale$$code        c_w.l(lc_ctype_c.o)
    0x0800acbc   0x00000062   Code   RO         1465    x$fpl$d2f           fz_wm.l(d2f.o)
    0x0800ad1e   0x00000002   PAD
    0x0800ad20   0x0000005a   Code   RO         1467    x$fpl$dfixu         fz_wm.l(dfixu.o)
    0x0800ad7a   0x00000026   Code   RO         1471    x$fpl$dfltu         fz_wm.l(dflt_clz.o)
    0x0800ada0   0x00000154   Code   RO         1477    x$fpl$dmul          fz_wm.l(dmul.o)
    0x0800aef4   0x0000009c   Code   RO         1532    x$fpl$dnaninf       fz_wm.l(dnaninf.o)
    0x0800af90   0x0000000c   Code   RO         1534    x$fpl$dretinf       fz_wm.l(dretinf.o)
    0x0800af9c   0x00000056   Code   RO         1479    x$fpl$f2d           fz_wm.l(f2d.o)
    0x0800aff2   0x0000008c   Code   RO         1536    x$fpl$fnaninf       fz_wm.l(fnaninf.o)
    0x0800b07e   0x0000000a   Code   RO         1676    x$fpl$fpinit        fz_wm.l(fpinit.o)
    0x0800b088   0x0000000a   Code   RO         1538    x$fpl$fretinf       fz_wm.l(fretinf.o)
    0x0800b092   0x00000004   Code   RO         1481    x$fpl$printf1       fz_wm.l(printf1.o)
    0x0800b096   0x00000000   Code   RO         1540    x$fpl$usenofp       fz_wm.l(usenofp.o)
    0x0800b096   0x000017c0   Data   RO          458    .constdata          lcd.o
    0x0800c856   0x00000002   PAD
    0x0800c858   0x0000001c   Data   RO         1001    .constdata          stm32f4xx_fsmc.o
    0x0800c874   0x00000028   Data   RO         1430    .constdata          c_w.l(_printf_hex_int_ll_ptr.o)
    0x0800c89c   0x00000011   Data   RO         1450    .constdata          c_w.l(__printf_flags_ss_wp.o)
    0x0800c8ad   0x00000003   PAD
    0x0800c8b0   0x00000008   Data   RO         1503    .constdata          c_w.l(_printf_wctomb.o)
    0x0800c8b8   0x00000094   Data   RO         1570    .constdata          c_w.l(bigflt0.o)
    0x0800c94c   0x00000020   Data   RO         1746    Region$$Table       anon$$obj.o
    0x0800c96c   0x0000001c   Data   RO         1600    locale$$data        c_w.l(lc_numeric_c.o)
    0x0800c988   0x00000110   Data   RO         1671    locale$$data        c_w.l(lc_ctype_c.o)


    Execution Region RW_IRAM1 (Base: 0x20000000, Size: 0x00000b60, Max: 0x00020000, ABSOLUTE)

    Base Addr    Size         Type   Attr      Idx    E Section Name        Object

    0x20000000   0x00000003   Data   RW            5    .data               main.o
    0x20000003   0x00000001   PAD
    0x20000004   0x00000014   Data   RW          283    .data               system_stm32f4xx.o
    0x20000018   0x00000004   Data   RW          316    .data               delay.o
    0x2000001c   0x00000006   Data   RW          383    .data               usart.o
    0x20000022   0x00000001   Data   RW          436    .data               key.o
    0x20000023   0x00000001   PAD
    0x20000024   0x00000004   Data   RW          459    .data               lcd.o
    0x20000028   0x00000002   Data   RW          595    .data               usart3.o
    0x2000002a   0x00000004   Data   RW          628    .data               rtc.o
    0x2000002e   0x00000010   Data   RW         1187    .data               stm32f4xx_rcc.o
    0x2000003e   0x00000002   PAD
    0x20000040   0x000000c8   Zero   RW            4    .bss                main.o
    0x20000108   0x000000c8   Zero   RW          382    .bss                usart.o
    0x200001d0   0x0000000e   Zero   RW          457    .bss                lcd.o
    0x200001de   0x00000002   PAD
    0x200001e0   0x00000320   Zero   RW          594    .bss                usart3.o
    0x20000500   0x00000060   Zero   RW         1608    .bss                c_w.l(libspace.o)
    0x20000560   0x00000200   Zero   RW          307    HEAP                startup_stm32f40_41xxx.o
    0x20000760   0x00000400   Zero   RW          306    STACK               startup_stm32f40_41xxx.o


==============================================================================

Image component sizes


      Code (inc. data)   RO Data    RW Data    ZI Data      Debug   Object Name

       224         10          0          0          0       1115   adc.o
       412         46          0          0          0       1935   common.o
       260          8          0          4          0     246745   delay.o
       412         12          0          0          0       1213   exti.o
       260         12          0          1          0        852   key.o
     19584        174       6080          4         14      21838   lcd.o
        64          4          0          0          0        507   led.o
       736        234          0          3        200     288931   main.o
       224         20          0          0          0     247101   misc.o
       568         22          0          4          0       2624   rtc.o
        64         26        392          0       1536        824   startup_stm32f40_41xxx.o
      1124         24          0          0          0      10474   stm32f4xx_adc.o
       272         10          0          0          0       2247   stm32f4xx_exti.o
      1480         18         28          0          0       5590   stm32f4xx_fsmc.o
       660         44          0          0          0       4081   stm32f4xx_gpio.o
        26          0          0          0          0      71746   stm32f4xx_it.o
       364         12          0          0          0       3727   stm32f4xx_pwr.o
      1628         52          0         16          0      12856   stm32f4xx_rcc.o
      3432         44          0          0          0      15044   stm32f4xx_rtc.o
       148         12          0          0          0       1837   stm32f4xx_syscfg.o
      3234         60          0          0          0      22284   stm32f4xx_tim.o
      1108         34          0          0          0       7780   stm32f4xx_usart.o
       528         46          0         20          0       1755   system_stm32f4xx.o
       128          8          0          0          0        780   timer.o
       340         18          0          6        200       3322   usart.o
       396         24          0          2        800       2530   usart3.o

    ----------------------------------------------------------------------
     37680        974       6534         64       2752     979738   Object Totals
         0          0         32          0          0          0   (incl. Generated)
         4          0          2          4          2          0   (incl. Padding)

    ----------------------------------------------------------------------

      Code (inc. data)   RO Data    RW Data    ZI Data      Debug   Library Member Name

        24          4          0          0          0         84   __2printf.o
        44          6          0          0          0         84   __2sprintf.o
         8          0          0          0          0         68   __main.o
       392          4         17          0          0         92   __printf_flags_ss_wp.o
        14          0          0          0          0         68   __printf_wp.o
         0          0          0          0          0          0   __rtentry.o
        12          0          0          0          0          0   __rtentry2.o
         6          0          0          0          0          0   __rtentry4.o
        52          8          0          0          0          0   __scatter.o
        26          0          0          0          0          0   __scatter_copy.o
        28          0          0          0          0          0   __scatter_zi.o
         6          0          0          0          0          0   _printf_a.o
         6          0          0          0          0          0   _printf_c.o
        44          0          0          0          0        108   _printf_char.o
        48          6          0          0          0         96   _printf_char_common.o
        36          4          0          0          0         80   _printf_char_file.o
        40          0          0          0          0         68   _printf_charcount.o
         6          0          0          0          0          0   _printf_d.o
       120         16          0          0          0         92   _printf_dec.o
         6          0          0          0          0          0   _printf_e.o
         6          0          0          0          0          0   _printf_f.o
      1050          0          0          0          0        216   _printf_fp_dec.o
       128         16          0          0          0         84   _printf_fp_infnan.o
         6          0          0          0          0          0   _printf_g.o
       148          4         40          0          0        160   _printf_hex_int_ll_ptr.o
         6          0          0          0          0          0   _printf_i.o
       178          0          0          0          0         88   _printf_intcommon.o
        10          0          0          0          0          0   _printf_l.o
         6          0          0          0          0          0   _printf_lc.o
        10          0          0          0          0          0   _printf_ll.o
         6          0          0          0          0          0   _printf_lld.o
         6          0          0          0          0          0   _printf_lli.o
         6          0          0          0          0          0   _printf_llo.o
         6          0          0          0          0          0   _printf_llu.o
         6          0          0          0          0          0   _printf_llx.o
       124         16          0          0          0         92   _printf_longlong_dec.o
         6          0          0          0          0          0   _printf_ls.o
         6          0          0          0          0          0   _printf_n.o
         6          0          0          0          0          0   _printf_o.o
       112          8          0          0          0        124   _printf_oct_int_ll.o
         6          0          0          0          0          0   _printf_p.o
        78          0          0          0          0        108   _printf_pad.o
         0          0          0          0          0          0   _printf_percent.o
         4          0          0          0          0          0   _printf_percent_end.o
         6          0          0          0          0          0   _printf_s.o
        82          0          0          0          0         80   _printf_str.o
        36          0          0          0          0         84   _printf_truncate.o
         6          0          0          0          0          0   _printf_u.o
        44          0          0          0          0        108   _printf_wchar.o
       188          6          8          0          0         92   _printf_wctomb.o
         6          0          0          0          0          0   _printf_x.o
        10          0          0          0          0         68   _sputc.o
        64          0          0          0          0         92   _wcrtomb.o
       220          4        148          0          0         96   bigflt0.o
      1910        128          0          0          0        672   btod.o
        36          4          0          0          0         76   c89vsprintf.o
        12          0          0          0          0         72   exit.o
         8          0          0          0          0         68   ferror.o
         6          0          0          0          0        152   heapauxi.o
        44         10        272          0          0         76   lc_ctype_c.o
        44         10         28          0          0         76   lc_numeric_c.o
         2          0          0          0          0          0   libinit.o
        34          0          0          0          0          0   libinit2.o
         2          0          0          0          0          0   libshutdown.o
         2          0          0          0          0          0   libshutdown2.o
         8          4          0          0         96         68   libspace.o
       138          0          0          0          0         80   lludiv10.o
        16          4          0          0          0         76   rt_ctype_table.o
         8          4          0          0          0         68   rt_locale_intlibspace.o
         2          0          0          0          0          0   rtexit.o
        10          0          0          0          0          0   rtexit2.o
       128          0          0          0          0         68   strcmpv7m.o
        62          0          0          0          0         76   strlen.o
        36          0          0          0          0         80   strstr.o
        74          0          0          0          0         80   sys_stackheap_outer.o
         2          0          0          0          0         68   use_no_semi.o
         2          0          0          0          0         68   use_no_semi_2.o
        98          4          0          0          0        140   d2f.o
        90          4          0          0          0        140   dfixu.o
        38          0          0          0          0        116   dflt_clz.o
       340         12          0          0          0        152   dmul.o
       156          4          0          0          0        140   dnaninf.o
        12          0          0          0          0        116   dretinf.o
        86          4          0          0          0        132   f2d.o
       140          4          0          0          0        132   fnaninf.o
        10          0          0          0          0        116   fpinit.o
        10          0          0          0          0        116   fretinf.o
         4          0          0          0          0        116   printf1.o
         0          0          0          0          0          0   usenofp.o
        48          0          0          0          0        124   fpclassify.o

    ----------------------------------------------------------------------
      7134        298        516          0         96       5796   Library Totals
        16          0          3          0          0          0   (incl. Padding)

    ----------------------------------------------------------------------

      Code (inc. data)   RO Data    RW Data    ZI Data      Debug   Library Name

      6086        266        513          0         96       4256   c_w.l
       984         32          0          0          0       1416   fz_wm.l
        48          0          0          0          0        124   m_wm.l

    ----------------------------------------------------------------------
      7134        298        516          0         96       5796   Library Totals

    ----------------------------------------------------------------------

==============================================================================


      Code (inc. data)   RO Data    RW Data    ZI Data      Debug   

     44814       1272       7050         64       2848     976394   Grand Totals
     44814       1272       7050         64       2848     976394   ELF Image Totals
     44814       1272       7050         64          0          0   ROM Totals

==============================================================================

    Total RO  Size (Code + RO Data)                51864 (  50.65kB)
    Total RW  Size (RW Data + ZI Data)              2912 (   2.84kB)
    Total ROM Size (Code + RO Data + RW Data)      51928 (  50.71kB)

==============================================================================

